<!doctype html public "-//w3c//dtd html 4.0 transitional//en">
<html><head>
<title>Static Call Graph - [.\Objects\FSP_ibus_demo.axf]</title></head>
<body><HR>
<H1>Static Call Graph for image .\Objects\FSP_ibus_demo.axf</H1><HR>
<BR><P>#&#060CALLGRAPH&#062# ARM Linker, 6190004: Last Updated: Mon May 19 22:30:16 2025
<BR><P>
<H3>Maximum Stack Usage =         88 bytes + Unknown(Cycles, Untraceable Function Pointers)</H3><H3>
Call chain for Maximum Stack Depth:</H3>
Reset_Handler &rArr; main &rArr; hal_entry &rArr; ibus_init &rArr; R_DMAC_Open &rArr; r_dmac_config_transfer_info
<P>
<H3>
Mutually Recursive functions
</H3> <LI><a href="#[3b]">bsp_prv_software_delay_loop</a>&nbsp;&nbsp;&nbsp;&rArr;&nbsp;&nbsp;&nbsp;<a href="#[3b]">bsp_prv_software_delay_loop</a><BR>
</UL>
<P>
<H3>
Function Pointers
</H3><UL>
 <LI><a href="#[4]">BusFault_Handler</a> from startup.o(.text.Default_Handler) referenced from startup.o(.fixed_vectors)
 <LI><a href="#[8]">DebugMon_Handler</a> from startup.o(.text.Default_Handler) referenced from startup.o(.fixed_vectors)
 <LI><a href="#[2]">HardFault_Handler</a> from startup.o(.text.Default_Handler) referenced from startup.o(.fixed_vectors)
 <LI><a href="#[3]">MemManage_Handler</a> from startup.o(.text.Default_Handler) referenced from startup.o(.fixed_vectors)
 <LI><a href="#[1]">NMI_Handler</a> from bsp_group_irq.o(.text.NMI_Handler) referenced from startup.o(.fixed_vectors)
 <LI><a href="#[9]">PendSV_Handler</a> from startup.o(.text.Default_Handler) referenced from startup.o(.fixed_vectors)
 <LI><a href="#[29]">R_DMAC_CallbackSet</a> from r_dmac.o(.text.R_DMAC_CallbackSet) referenced from r_dmac.o(.rodata.g_transfer_on_dmac)
 <LI><a href="#[27]">R_DMAC_Close</a> from r_dmac.o(.text.R_DMAC_Close) referenced from r_dmac.o(.rodata.g_transfer_on_dmac)
 <LI><a href="#[23]">R_DMAC_Disable</a> from r_dmac.o(.text.R_DMAC_Disable) referenced from r_dmac.o(.rodata.g_transfer_on_dmac)
 <LI><a href="#[22]">R_DMAC_Enable</a> from r_dmac.o(.text.R_DMAC_Enable) referenced from r_dmac.o(.rodata.g_transfer_on_dmac)
 <LI><a href="#[26]">R_DMAC_InfoGet</a> from r_dmac.o(.text.R_DMAC_InfoGet) referenced from r_dmac.o(.rodata.g_transfer_on_dmac)
 <LI><a href="#[1f]">R_DMAC_Open</a> from r_dmac.o(.text.R_DMAC_Open) referenced from r_dmac.o(.rodata.g_transfer_on_dmac)
 <LI><a href="#[20]">R_DMAC_Reconfigure</a> from r_dmac.o(.text.R_DMAC_Reconfigure) referenced from r_dmac.o(.rodata.g_transfer_on_dmac)
 <LI><a href="#[28]">R_DMAC_Reload</a> from r_dmac.o(.text.R_DMAC_Reload) referenced from r_dmac.o(.rodata.g_transfer_on_dmac)
 <LI><a href="#[21]">R_DMAC_Reset</a> from r_dmac.o(.text.R_DMAC_Reset) referenced from r_dmac.o(.rodata.g_transfer_on_dmac)
 <LI><a href="#[24]">R_DMAC_SoftwareStart</a> from r_dmac.o(.text.R_DMAC_SoftwareStart) referenced from r_dmac.o(.rodata.g_transfer_on_dmac)
 <LI><a href="#[25]">R_DMAC_SoftwareStop</a> from r_dmac.o(.text.R_DMAC_SoftwareStop) referenced from r_dmac.o(.rodata.g_transfer_on_dmac)
 <LI><a href="#[12]">R_IOPORT_Close</a> from r_ioport.o(.text.R_IOPORT_Close) referenced from r_ioport.o(.rodata.g_ioport_on_ioport)
 <LI><a href="#[11]">R_IOPORT_Open</a> from r_ioport.o(.text.R_IOPORT_Open) referenced from r_ioport.o(.rodata.g_ioport_on_ioport)
 <LI><a href="#[14]">R_IOPORT_PinCfg</a> from r_ioport.o(.text.R_IOPORT_PinCfg) referenced from r_ioport.o(.rodata.g_ioport_on_ioport)
 <LI><a href="#[15]">R_IOPORT_PinEventInputRead</a> from r_ioport.o(.text.R_IOPORT_PinEventInputRead) referenced from r_ioport.o(.rodata.g_ioport_on_ioport)
 <LI><a href="#[16]">R_IOPORT_PinEventOutputWrite</a> from r_ioport.o(.text.R_IOPORT_PinEventOutputWrite) referenced from r_ioport.o(.rodata.g_ioport_on_ioport)
 <LI><a href="#[17]">R_IOPORT_PinRead</a> from r_ioport.o(.text.R_IOPORT_PinRead) referenced from r_ioport.o(.rodata.g_ioport_on_ioport)
 <LI><a href="#[18]">R_IOPORT_PinWrite</a> from r_ioport.o(.text.R_IOPORT_PinWrite) referenced from r_ioport.o(.rodata.g_ioport_on_ioport)
 <LI><a href="#[13]">R_IOPORT_PinsCfg</a> from r_ioport.o(.text.R_IOPORT_PinsCfg) referenced from r_ioport.o(.rodata.g_ioport_on_ioport)
 <LI><a href="#[19]">R_IOPORT_PortDirectionSet</a> from r_ioport.o(.text.R_IOPORT_PortDirectionSet) referenced from r_ioport.o(.rodata.g_ioport_on_ioport)
 <LI><a href="#[1a]">R_IOPORT_PortEventInputRead</a> from r_ioport.o(.text.R_IOPORT_PortEventInputRead) referenced from r_ioport.o(.rodata.g_ioport_on_ioport)
 <LI><a href="#[1b]">R_IOPORT_PortEventOutputWrite</a> from r_ioport.o(.text.R_IOPORT_PortEventOutputWrite) referenced from r_ioport.o(.rodata.g_ioport_on_ioport)
 <LI><a href="#[1c]">R_IOPORT_PortRead</a> from r_ioport.o(.text.R_IOPORT_PortRead) referenced from r_ioport.o(.rodata.g_ioport_on_ioport)
 <LI><a href="#[1d]">R_IOPORT_PortWrite</a> from r_ioport.o(.text.R_IOPORT_PortWrite) referenced from r_ioport.o(.rodata.g_ioport_on_ioport)
 <LI><a href="#[30]">R_SCI_UART_Abort</a> from r_sci_uart.o(.text.R_SCI_UART_Abort) referenced from r_sci_uart.o(.rodata.g_uart_on_sci)
 <LI><a href="#[2e]">R_SCI_UART_BaudSet</a> from r_sci_uart.o(.text.R_SCI_UART_BaudSet) referenced from r_sci_uart.o(.rodata.g_uart_on_sci)
 <LI><a href="#[31]">R_SCI_UART_CallbackSet</a> from r_sci_uart.o(.text.R_SCI_UART_CallbackSet) referenced from r_sci_uart.o(.rodata.g_uart_on_sci)
 <LI><a href="#[32]">R_SCI_UART_Close</a> from r_sci_uart.o(.text.R_SCI_UART_Close) referenced from r_sci_uart.o(.rodata.g_uart_on_sci)
 <LI><a href="#[2f]">R_SCI_UART_InfoGet</a> from r_sci_uart.o(.text.R_SCI_UART_InfoGet) referenced from r_sci_uart.o(.rodata.g_uart_on_sci)
 <LI><a href="#[2b]">R_SCI_UART_Open</a> from r_sci_uart.o(.text.R_SCI_UART_Open) referenced from r_sci_uart.o(.rodata.g_uart_on_sci)
 <LI><a href="#[2c]">R_SCI_UART_Read</a> from r_sci_uart.o(.text.R_SCI_UART_Read) referenced from r_sci_uart.o(.rodata.g_uart_on_sci)
 <LI><a href="#[33]">R_SCI_UART_ReadStop</a> from r_sci_uart.o(.text.R_SCI_UART_ReadStop) referenced from r_sci_uart.o(.rodata.g_uart_on_sci)
 <LI><a href="#[2d]">R_SCI_UART_Write</a> from r_sci_uart.o(.text.R_SCI_UART_Write) referenced from r_sci_uart.o(.rodata.g_uart_on_sci)
 <LI><a href="#[0]">Reset_Handler</a> from startup.o(.text.Reset_Handler) referenced from startup.o(.fixed_vectors)
 <LI><a href="#[7]">SVC_Handler</a> from startup.o(.text.Default_Handler) referenced from startup.o(.fixed_vectors)
 <LI><a href="#[6]">SecureFault_Handler</a> from startup.o(.text.Default_Handler) referenced from startup.o(.fixed_vectors)
 <LI><a href="#[a]">SysTick_Handler</a> from startup.o(.text.Default_Handler) referenced from startup.o(.fixed_vectors)
 <LI><a href="#[5]">UsageFault_Handler</a> from startup.o(.text.Default_Handler) referenced from startup.o(.fixed_vectors)
 <LI><a href="#[f]">dmac_int_isr</a> from r_dmac.o(.text.dmac_int_isr) referenced from vector_data.o(.application_vectors)
 <LI><a href="#[1e]">dmac_sci2_rx_callback</a> from drv_ibus.o(.text.dmac_sci2_rx_callback) referenced from hal_data.o(.rodata.g_transfer_dmac_sci2_rx_extend)
 <LI><a href="#[10]">fputc</a> from bsp_uart_debug.o(.text.fputc) referenced from printf1.o(i.__0printf$1)
 <LI><a href="#[e]">sci_uart_eri_isr</a> from r_sci_uart.o(.text.sci_uart_eri_isr) referenced 2 times from vector_data.o(.application_vectors)
 <LI><a href="#[b]">sci_uart_rxi_isr</a> from r_sci_uart.o(.text.sci_uart_rxi_isr) referenced 2 times from vector_data.o(.application_vectors)
 <LI><a href="#[d]">sci_uart_tei_isr</a> from r_sci_uart.o(.text.sci_uart_tei_isr) referenced 2 times from vector_data.o(.application_vectors)
 <LI><a href="#[c]">sci_uart_txi_isr</a> from r_sci_uart.o(.text.sci_uart_txi_isr) referenced 2 times from vector_data.o(.application_vectors)
 <LI><a href="#[2a]">uart0_debug_callback</a> from bsp_uart_debug.o(.text.uart0_debug_callback) referenced from hal_data.o(.rodata.g_uart0_debug_cfg)
</UL>
<P>
<H3>
Global Symbols
</H3>
<P><STRONG><a name="[52]"></a>__aeabi_memcpy</STRONG> (Thumb, 36 bytes, Stack size 0 bytes, memcpya.o(.text))
<BR><BR>[Called By]<UL><LI><a href="#[b]">&gt;&gt;</a>&nbsp;&nbsp;&nbsp;sci_uart_rxi_isr
<LI><a href="#[4f]">&gt;&gt;</a>&nbsp;&nbsp;&nbsp;ibus_unpack
</UL>

<P><STRONG><a name="[45]"></a>__aeabi_memcpy4</STRONG> (Thumb, 0 bytes, Stack size 0 bytes, memcpya.o(.text))
<BR><BR>[Called By]<UL><LI><a href="#[41]">&gt;&gt;</a>&nbsp;&nbsp;&nbsp;SystemInit
</UL>

<P><STRONG><a name="[57]"></a>__aeabi_memcpy8</STRONG> (Thumb, 0 bytes, Stack size 0 bytes, memcpya.o(.text), UNUSED)

<P><STRONG><a name="[35]"></a>__aeabi_memset</STRONG> (Thumb, 14 bytes, Stack size 0 bytes, memseta.o(.text), UNUSED)
<BR><BR>[Called By]<UL><LI><a href="#[36]">&gt;&gt;</a>&nbsp;&nbsp;&nbsp;_memset$wrapper
<LI><a href="#[34]">&gt;&gt;</a>&nbsp;&nbsp;&nbsp;__aeabi_memclr
</UL>

<P><STRONG><a name="[58]"></a>__aeabi_memset4</STRONG> (Thumb, 0 bytes, Stack size 0 bytes, memseta.o(.text), UNUSED)

<P><STRONG><a name="[59]"></a>__aeabi_memset8</STRONG> (Thumb, 0 bytes, Stack size 0 bytes, memseta.o(.text), UNUSED)

<P><STRONG><a name="[34]"></a>__aeabi_memclr</STRONG> (Thumb, 4 bytes, Stack size 0 bytes, memseta.o(.text), UNUSED)
<BR><BR>[Calls]<UL><LI><a href="#[35]">&gt;&gt;</a>&nbsp;&nbsp;&nbsp;__aeabi_memset
</UL>

<P><STRONG><a name="[44]"></a>__aeabi_memclr4</STRONG> (Thumb, 0 bytes, Stack size 0 bytes, memseta.o(.text))
<BR><BR>[Called By]<UL><LI><a href="#[41]">&gt;&gt;</a>&nbsp;&nbsp;&nbsp;SystemInit
<LI><a href="#[4f]">&gt;&gt;</a>&nbsp;&nbsp;&nbsp;ibus_unpack
</UL>

<P><STRONG><a name="[5a]"></a>__aeabi_memclr8</STRONG> (Thumb, 0 bytes, Stack size 0 bytes, memseta.o(.text), UNUSED)

<P><STRONG><a name="[36]"></a>_memset$wrapper</STRONG> (Thumb, 18 bytes, Stack size 8 bytes, memseta.o(.text), UNUSED)
<BR><BR>[Calls]<UL><LI><a href="#[35]">&gt;&gt;</a>&nbsp;&nbsp;&nbsp;__aeabi_memset
</UL>

<P><STRONG><a name="[5b]"></a>__aeabi_uidiv</STRONG> (Thumb, 0 bytes, Stack size 12 bytes, uidiv.o(.text), UNUSED)

<P><STRONG><a name="[56]"></a>__aeabi_uidivmod</STRONG> (Thumb, 44 bytes, Stack size 12 bytes, uidiv.o(.text), UNUSED)
<BR><BR>[Called By]<UL><LI><a href="#[55]">&gt;&gt;</a>&nbsp;&nbsp;&nbsp;_printf_core
</UL>

<P><STRONG><a name="[4]"></a>BusFault_Handler</STRONG> (Thumb, 4 bytes, Stack size 0 bytes, startup.o(.text.Default_Handler))
<BR>[Address Reference Count : 1]<UL><LI> startup.o(.fixed_vectors)
</UL>
<P><STRONG><a name="[8]"></a>DebugMon_Handler</STRONG> (Thumb, 4 bytes, Stack size 0 bytes, startup.o(.text.Default_Handler))
<BR>[Address Reference Count : 1]<UL><LI> startup.o(.fixed_vectors)
</UL>
<P><STRONG><a name="[5c]"></a>Default_Handler</STRONG> (Thumb, 4 bytes, Stack size 0 bytes, startup.o(.text.Default_Handler), UNUSED)

<P><STRONG><a name="[2]"></a>HardFault_Handler</STRONG> (Thumb, 4 bytes, Stack size 0 bytes, startup.o(.text.Default_Handler))
<BR>[Address Reference Count : 1]<UL><LI> startup.o(.fixed_vectors)
</UL>
<P><STRONG><a name="[3]"></a>MemManage_Handler</STRONG> (Thumb, 4 bytes, Stack size 0 bytes, startup.o(.text.Default_Handler))
<BR>[Address Reference Count : 1]<UL><LI> startup.o(.fixed_vectors)
</UL>
<P><STRONG><a name="[9]"></a>PendSV_Handler</STRONG> (Thumb, 4 bytes, Stack size 0 bytes, startup.o(.text.Default_Handler))
<BR>[Address Reference Count : 1]<UL><LI> startup.o(.fixed_vectors)
</UL>
<P><STRONG><a name="[7]"></a>SVC_Handler</STRONG> (Thumb, 4 bytes, Stack size 0 bytes, startup.o(.text.Default_Handler))
<BR>[Address Reference Count : 1]<UL><LI> startup.o(.fixed_vectors)
</UL>
<P><STRONG><a name="[6]"></a>SecureFault_Handler</STRONG> (Thumb, 4 bytes, Stack size 0 bytes, startup.o(.text.Default_Handler))
<BR>[Address Reference Count : 1]<UL><LI> startup.o(.fixed_vectors)
</UL>
<P><STRONG><a name="[a]"></a>SysTick_Handler</STRONG> (Thumb, 4 bytes, Stack size 0 bytes, startup.o(.text.Default_Handler))
<BR>[Address Reference Count : 1]<UL><LI> startup.o(.fixed_vectors)
</UL>
<P><STRONG><a name="[5]"></a>UsageFault_Handler</STRONG> (Thumb, 4 bytes, Stack size 0 bytes, startup.o(.text.Default_Handler))
<BR>[Address Reference Count : 1]<UL><LI> startup.o(.fixed_vectors)
</UL>
<P><STRONG><a name="[1]"></a>NMI_Handler</STRONG> (Thumb, 68 bytes, Stack size 24 bytes, bsp_group_irq.o(.text.NMI_Handler))
<BR><BR>[Stack]<UL><LI>Max Depth = 24<LI>Call Chain = NMI_Handler
</UL>
<BR>[Address Reference Count : 1]<UL><LI> startup.o(.fixed_vectors)
</UL>
<P><STRONG><a name="[37]"></a>R_BSP_Init_RTC</STRONG> (Thumb, 122 bytes, Stack size 16 bytes, bsp_clocks.o(.text.R_BSP_Init_RTC))
<BR><BR>[Stack]<UL><LI>Max Depth = 24<LI>Call Chain = R_BSP_Init_RTC &rArr; R_BSP_RegisterProtectDisable
</UL>
<BR>[Calls]<UL><LI><a href="#[3a]">&gt;&gt;</a>&nbsp;&nbsp;&nbsp;R_BSP_RegisterProtectEnable
<LI><a href="#[39]">&gt;&gt;</a>&nbsp;&nbsp;&nbsp;R_BSP_RegisterProtectDisable
<LI><a href="#[38]">&gt;&gt;</a>&nbsp;&nbsp;&nbsp;R_BSP_SoftwareDelay
</UL>
<BR>[Called By]<UL><LI><a href="#[41]">&gt;&gt;</a>&nbsp;&nbsp;&nbsp;SystemInit
</UL>

<P><STRONG><a name="[39]"></a>R_BSP_RegisterProtectDisable</STRONG> (Thumb, 78 bytes, Stack size 8 bytes, bsp_register_protection.o(.text.R_BSP_RegisterProtectDisable))
<BR><BR>[Stack]<UL><LI>Max Depth = 8<LI>Call Chain = R_BSP_RegisterProtectDisable
</UL>
<BR>[Called By]<UL><LI><a href="#[3f]">&gt;&gt;</a>&nbsp;&nbsp;&nbsp;bsp_vbatt_init
<LI><a href="#[47]">&gt;&gt;</a>&nbsp;&nbsp;&nbsp;bsp_irq_cfg
<LI><a href="#[37]">&gt;&gt;</a>&nbsp;&nbsp;&nbsp;R_BSP_Init_RTC
<LI><a href="#[41]">&gt;&gt;</a>&nbsp;&nbsp;&nbsp;SystemInit
</UL>

<P><STRONG><a name="[3a]"></a>R_BSP_RegisterProtectEnable</STRONG> (Thumb, 82 bytes, Stack size 0 bytes, bsp_register_protection.o(.text.R_BSP_RegisterProtectEnable))
<BR><BR>[Called By]<UL><LI><a href="#[3f]">&gt;&gt;</a>&nbsp;&nbsp;&nbsp;bsp_vbatt_init
<LI><a href="#[47]">&gt;&gt;</a>&nbsp;&nbsp;&nbsp;bsp_irq_cfg
<LI><a href="#[37]">&gt;&gt;</a>&nbsp;&nbsp;&nbsp;R_BSP_Init_RTC
<LI><a href="#[41]">&gt;&gt;</a>&nbsp;&nbsp;&nbsp;SystemInit
</UL>

<P><STRONG><a name="[38]"></a>R_BSP_SoftwareDelay</STRONG> (Thumb, 72 bytes, Stack size 0 bytes, bsp_delay.o(.text.R_BSP_SoftwareDelay))
<BR><BR>[Calls]<UL><LI><a href="#[3b]">&gt;&gt;</a>&nbsp;&nbsp;&nbsp;bsp_prv_software_delay_loop
</UL>
<BR>[Called By]<UL><LI><a href="#[3f]">&gt;&gt;</a>&nbsp;&nbsp;&nbsp;bsp_vbatt_init
<LI><a href="#[37]">&gt;&gt;</a>&nbsp;&nbsp;&nbsp;R_BSP_Init_RTC
<LI><a href="#[43]">&gt;&gt;</a>&nbsp;&nbsp;&nbsp;bsp_clock_init
<LI><a href="#[4c]">&gt;&gt;</a>&nbsp;&nbsp;&nbsp;hal_entry
</UL>

<P><STRONG><a name="[49]"></a>R_BSP_SubClockStabilizeWaitAfterReset</STRONG> (Thumb, 2 bytes, Stack size 0 bytes, bsp_clocks.o(.text.R_BSP_SubClockStabilizeWaitAfterReset))
<BR><BR>[Called By]<UL><LI><a href="#[43]">&gt;&gt;</a>&nbsp;&nbsp;&nbsp;bsp_clock_init
</UL>

<P><STRONG><a name="[3c]"></a>R_BSP_WarmStart</STRONG> (Thumb, 26 bytes, Stack size 0 bytes, hal_entry.o(.text.R_BSP_WarmStart))
<BR><BR>[Stack]<UL><LI>Max Depth = 72<LI>Call Chain = R_BSP_WarmStart &rArr; R_IOPORT_Open &rArr; r_ioport_pins_config &rArr; bsp_vbatt_init &rArr; R_BSP_RegisterProtectDisable
</UL>
<BR>[Calls]<UL><LI><a href="#[11]">&gt;&gt;</a>&nbsp;&nbsp;&nbsp;R_IOPORT_Open
</UL>
<BR>[Called By]<UL><LI><a href="#[41]">&gt;&gt;</a>&nbsp;&nbsp;&nbsp;SystemInit
</UL>

<P><STRONG><a name="[29]"></a>R_DMAC_CallbackSet</STRONG> (Thumb, 10 bytes, Stack size 0 bytes, r_dmac.o(.text.R_DMAC_CallbackSet))
<BR>[Address Reference Count : 1]<UL><LI> r_dmac.o(.rodata.g_transfer_on_dmac)
</UL>
<P><STRONG><a name="[27]"></a>R_DMAC_Close</STRONG> (Thumb, 92 bytes, Stack size 8 bytes, r_dmac.o(.text.R_DMAC_Close))
<BR><BR>[Stack]<UL><LI>Max Depth = 8<LI>Call Chain = R_DMAC_Close
</UL>
<BR>[Address Reference Count : 1]<UL><LI> r_dmac.o(.rodata.g_transfer_on_dmac)
</UL>
<P><STRONG><a name="[23]"></a>R_DMAC_Disable</STRONG> (Thumb, 40 bytes, Stack size 0 bytes, r_dmac.o(.text.R_DMAC_Disable))
<BR><BR>[Called By]<UL><LI><a href="#[1e]">&gt;&gt;</a>&nbsp;&nbsp;&nbsp;dmac_sci2_rx_callback
</UL>
<BR>[Address Reference Count : 1]<UL><LI> r_dmac.o(.rodata.g_transfer_on_dmac)
</UL>
<P><STRONG><a name="[22]"></a>R_DMAC_Enable</STRONG> (Thumb, 10 bytes, Stack size 0 bytes, r_dmac.o(.text.R_DMAC_Enable))
<BR><BR>[Called By]<UL><LI><a href="#[1e]">&gt;&gt;</a>&nbsp;&nbsp;&nbsp;dmac_sci2_rx_callback
<LI><a href="#[4e]">&gt;&gt;</a>&nbsp;&nbsp;&nbsp;ibus_init
</UL>
<BR>[Address Reference Count : 1]<UL><LI> r_dmac.o(.rodata.g_transfer_on_dmac)
</UL>
<P><STRONG><a name="[26]"></a>R_DMAC_InfoGet</STRONG> (Thumb, 44 bytes, Stack size 0 bytes, r_dmac.o(.text.R_DMAC_InfoGet))
<BR>[Address Reference Count : 1]<UL><LI> r_dmac.o(.rodata.g_transfer_on_dmac)
</UL>
<P><STRONG><a name="[1f]"></a>R_DMAC_Open</STRONG> (Thumb, 104 bytes, Stack size 16 bytes, r_dmac.o(.text.R_DMAC_Open))
<BR><BR>[Stack]<UL><LI>Max Depth = 64<LI>Call Chain = R_DMAC_Open &rArr; r_dmac_config_transfer_info
</UL>
<BR>[Calls]<UL><LI><a href="#[3d]">&gt;&gt;</a>&nbsp;&nbsp;&nbsp;r_dmac_config_transfer_info
</UL>
<BR>[Called By]<UL><LI><a href="#[4e]">&gt;&gt;</a>&nbsp;&nbsp;&nbsp;ibus_init
</UL>
<BR>[Address Reference Count : 1]<UL><LI> r_dmac.o(.rodata.g_transfer_on_dmac)
</UL>
<P><STRONG><a name="[20]"></a>R_DMAC_Reconfigure</STRONG> (Thumb, 18 bytes, Stack size 8 bytes, r_dmac.o(.text.R_DMAC_Reconfigure))
<BR><BR>[Stack]<UL><LI>Max Depth = 56<LI>Call Chain = R_DMAC_Reconfigure &rArr; r_dmac_config_transfer_info
</UL>
<BR>[Calls]<UL><LI><a href="#[3d]">&gt;&gt;</a>&nbsp;&nbsp;&nbsp;r_dmac_config_transfer_info
</UL>
<BR>[Address Reference Count : 1]<UL><LI> r_dmac.o(.rodata.g_transfer_on_dmac)
</UL>
<P><STRONG><a name="[28]"></a>R_DMAC_Reload</STRONG> (Thumb, 4 bytes, Stack size 0 bytes, r_dmac.o(.text.R_DMAC_Reload))
<BR>[Address Reference Count : 1]<UL><LI> r_dmac.o(.rodata.g_transfer_on_dmac)
</UL>
<P><STRONG><a name="[21]"></a>R_DMAC_Reset</STRONG> (Thumb, 100 bytes, Stack size 16 bytes, r_dmac.o(.text.R_DMAC_Reset))
<BR><BR>[Stack]<UL><LI>Max Depth = 16<LI>Call Chain = R_DMAC_Reset
</UL>
<BR>[Called By]<UL><LI><a href="#[1e]">&gt;&gt;</a>&nbsp;&nbsp;&nbsp;dmac_sci2_rx_callback
<LI><a href="#[4e]">&gt;&gt;</a>&nbsp;&nbsp;&nbsp;ibus_init
</UL>
<BR>[Address Reference Count : 1]<UL><LI> r_dmac.o(.rodata.g_transfer_on_dmac)
</UL>
<P><STRONG><a name="[24]"></a>R_DMAC_SoftwareStart</STRONG> (Thumb, 12 bytes, Stack size 0 bytes, r_dmac.o(.text.R_DMAC_SoftwareStart))
<BR>[Address Reference Count : 1]<UL><LI> r_dmac.o(.rodata.g_transfer_on_dmac)
</UL>
<P><STRONG><a name="[25]"></a>R_DMAC_SoftwareStop</STRONG> (Thumb, 10 bytes, Stack size 0 bytes, r_dmac.o(.text.R_DMAC_SoftwareStop))
<BR>[Address Reference Count : 1]<UL><LI> r_dmac.o(.rodata.g_transfer_on_dmac)
</UL>
<P><STRONG><a name="[12]"></a>R_IOPORT_Close</STRONG> (Thumb, 10 bytes, Stack size 0 bytes, r_ioport.o(.text.R_IOPORT_Close))
<BR>[Address Reference Count : 1]<UL><LI> r_ioport.o(.rodata.g_ioport_on_ioport)
</UL>
<P><STRONG><a name="[11]"></a>R_IOPORT_Open</STRONG> (Thumb, 22 bytes, Stack size 8 bytes, r_ioport.o(.text.R_IOPORT_Open))
<BR><BR>[Stack]<UL><LI>Max Depth = 72<LI>Call Chain = R_IOPORT_Open &rArr; r_ioport_pins_config &rArr; bsp_vbatt_init &rArr; R_BSP_RegisterProtectDisable
</UL>
<BR>[Calls]<UL><LI><a href="#[3e]">&gt;&gt;</a>&nbsp;&nbsp;&nbsp;r_ioport_pins_config
</UL>
<BR>[Called By]<UL><LI><a href="#[3c]">&gt;&gt;</a>&nbsp;&nbsp;&nbsp;R_BSP_WarmStart
</UL>
<BR>[Address Reference Count : 1]<UL><LI> r_ioport.o(.rodata.g_ioport_on_ioport)
</UL>
<P><STRONG><a name="[14]"></a>R_IOPORT_PinCfg</STRONG> (Thumb, 178 bytes, Stack size 40 bytes, r_ioport.o(.text.R_IOPORT_PinCfg))
<BR><BR>[Stack]<UL><LI>Max Depth = 88<LI>Call Chain = R_IOPORT_PinCfg &rArr; bsp_vbatt_init &rArr; R_BSP_RegisterProtectDisable
</UL>
<BR>[Calls]<UL><LI><a href="#[3f]">&gt;&gt;</a>&nbsp;&nbsp;&nbsp;bsp_vbatt_init
</UL>
<BR>[Address Reference Count : 1]<UL><LI> r_ioport.o(.rodata.g_ioport_on_ioport)
</UL>
<P><STRONG><a name="[15]"></a>R_IOPORT_PinEventInputRead</STRONG> (Thumb, 40 bytes, Stack size 0 bytes, r_ioport.o(.text.R_IOPORT_PinEventInputRead))
<BR>[Address Reference Count : 1]<UL><LI> r_ioport.o(.rodata.g_ioport_on_ioport)
</UL>
<P><STRONG><a name="[16]"></a>R_IOPORT_PinEventOutputWrite</STRONG> (Thumb, 82 bytes, Stack size 8 bytes, r_ioport.o(.text.R_IOPORT_PinEventOutputWrite))
<BR><BR>[Stack]<UL><LI>Max Depth = 8<LI>Call Chain = R_IOPORT_PinEventOutputWrite
</UL>
<BR>[Address Reference Count : 1]<UL><LI> r_ioport.o(.rodata.g_ioport_on_ioport)
</UL>
<P><STRONG><a name="[17]"></a>R_IOPORT_PinRead</STRONG> (Thumb, 34 bytes, Stack size 0 bytes, r_ioport.o(.text.R_IOPORT_PinRead))
<BR>[Address Reference Count : 1]<UL><LI> r_ioport.o(.rodata.g_ioport_on_ioport)
</UL>
<P><STRONG><a name="[18]"></a>R_IOPORT_PinWrite</STRONG> (Thumb, 40 bytes, Stack size 0 bytes, r_ioport.o(.text.R_IOPORT_PinWrite))
<BR>[Address Reference Count : 1]<UL><LI> r_ioport.o(.rodata.g_ioport_on_ioport)
</UL>
<P><STRONG><a name="[13]"></a>R_IOPORT_PinsCfg</STRONG> (Thumb, 12 bytes, Stack size 8 bytes, r_ioport.o(.text.R_IOPORT_PinsCfg))
<BR><BR>[Stack]<UL><LI>Max Depth = 72<LI>Call Chain = R_IOPORT_PinsCfg &rArr; r_ioport_pins_config &rArr; bsp_vbatt_init &rArr; R_BSP_RegisterProtectDisable
</UL>
<BR>[Calls]<UL><LI><a href="#[3e]">&gt;&gt;</a>&nbsp;&nbsp;&nbsp;r_ioport_pins_config
</UL>
<BR>[Address Reference Count : 1]<UL><LI> r_ioport.o(.rodata.g_ioport_on_ioport)
</UL>
<P><STRONG><a name="[19]"></a>R_IOPORT_PortDirectionSet</STRONG> (Thumb, 44 bytes, Stack size 8 bytes, r_ioport.o(.text.R_IOPORT_PortDirectionSet))
<BR><BR>[Stack]<UL><LI>Max Depth = 8<LI>Call Chain = R_IOPORT_PortDirectionSet
</UL>
<BR>[Address Reference Count : 1]<UL><LI> r_ioport.o(.rodata.g_ioport_on_ioport)
</UL>
<P><STRONG><a name="[1a]"></a>R_IOPORT_PortEventInputRead</STRONG> (Thumb, 24 bytes, Stack size 0 bytes, r_ioport.o(.text.R_IOPORT_PortEventInputRead))
<BR>[Address Reference Count : 1]<UL><LI> r_ioport.o(.rodata.g_ioport_on_ioport)
</UL>
<P><STRONG><a name="[1b]"></a>R_IOPORT_PortEventOutputWrite</STRONG> (Thumb, 32 bytes, Stack size 0 bytes, r_ioport.o(.text.R_IOPORT_PortEventOutputWrite))
<BR>[Address Reference Count : 1]<UL><LI> r_ioport.o(.rodata.g_ioport_on_ioport)
</UL>
<P><STRONG><a name="[1c]"></a>R_IOPORT_PortRead</STRONG> (Thumb, 22 bytes, Stack size 0 bytes, r_ioport.o(.text.R_IOPORT_PortRead))
<BR>[Address Reference Count : 1]<UL><LI> r_ioport.o(.rodata.g_ioport_on_ioport)
</UL>
<P><STRONG><a name="[1d]"></a>R_IOPORT_PortWrite</STRONG> (Thumb, 32 bytes, Stack size 0 bytes, r_ioport.o(.text.R_IOPORT_PortWrite))
<BR>[Address Reference Count : 1]<UL><LI> r_ioport.o(.rodata.g_ioport_on_ioport)
</UL>
<P><STRONG><a name="[30]"></a>R_SCI_UART_Abort</STRONG> (Thumb, 80 bytes, Stack size 16 bytes, r_sci_uart.o(.text.R_SCI_UART_Abort))
<BR><BR>[Stack]<UL><LI>Max Depth = 16<LI>Call Chain = R_SCI_UART_Abort
</UL>
<BR>[Address Reference Count : 1]<UL><LI> r_sci_uart.o(.rodata.g_uart_on_sci)
</UL>
<P><STRONG><a name="[2e]"></a>R_SCI_UART_BaudSet</STRONG> (Thumb, 104 bytes, Stack size 8 bytes, r_sci_uart.o(.text.R_SCI_UART_BaudSet))
<BR><BR>[Stack]<UL><LI>Max Depth = 8<LI>Call Chain = R_SCI_UART_BaudSet
</UL>
<BR>[Address Reference Count : 1]<UL><LI> r_sci_uart.o(.rodata.g_uart_on_sci)
</UL>
<P><STRONG><a name="[31]"></a>R_SCI_UART_CallbackSet</STRONG> (Thumb, 14 bytes, Stack size 0 bytes, r_sci_uart.o(.text.R_SCI_UART_CallbackSet))
<BR>[Address Reference Count : 1]<UL><LI> r_sci_uart.o(.rodata.g_uart_on_sci)
</UL>
<P><STRONG><a name="[32]"></a>R_SCI_UART_Close</STRONG> (Thumb, 200 bytes, Stack size 8 bytes, r_sci_uart.o(.text.R_SCI_UART_Close))
<BR><BR>[Stack]<UL><LI>Max Depth = 8<LI>Call Chain = R_SCI_UART_Close
</UL>
<BR>[Address Reference Count : 1]<UL><LI> r_sci_uart.o(.rodata.g_uart_on_sci)
</UL>
<P><STRONG><a name="[2f]"></a>R_SCI_UART_InfoGet</STRONG> (Thumb, 36 bytes, Stack size 0 bytes, r_sci_uart.o(.text.R_SCI_UART_InfoGet))
<BR>[Address Reference Count : 1]<UL><LI> r_sci_uart.o(.rodata.g_uart_on_sci)
</UL>
<P><STRONG><a name="[2b]"></a>R_SCI_UART_Open</STRONG> (Thumb, 900 bytes, Stack size 32 bytes, r_sci_uart.o(.text.R_SCI_UART_Open))
<BR><BR>[Stack]<UL><LI>Max Depth = 40<LI>Call Chain = R_SCI_UART_Open &rArr; r_sci_uart_transfer_configure
</UL>
<BR>[Calls]<UL><LI><a href="#[40]">&gt;&gt;</a>&nbsp;&nbsp;&nbsp;r_sci_uart_transfer_configure
</UL>
<BR>[Called By]<UL><LI><a href="#[4e]">&gt;&gt;</a>&nbsp;&nbsp;&nbsp;ibus_init
<LI><a href="#[4d]">&gt;&gt;</a>&nbsp;&nbsp;&nbsp;uart_debug_init
</UL>
<BR>[Address Reference Count : 1]<UL><LI> r_sci_uart.o(.rodata.g_uart_on_sci)
</UL>
<P><STRONG><a name="[2c]"></a>R_SCI_UART_Read</STRONG> (Thumb, 54 bytes, Stack size 16 bytes, r_sci_uart.o(.text.R_SCI_UART_Read))
<BR><BR>[Stack]<UL><LI>Max Depth = 16<LI>Call Chain = R_SCI_UART_Read
</UL>
<BR>[Address Reference Count : 1]<UL><LI> r_sci_uart.o(.rodata.g_uart_on_sci)
</UL>
<P><STRONG><a name="[33]"></a>R_SCI_UART_ReadStop</STRONG> (Thumb, 58 bytes, Stack size 32 bytes, r_sci_uart.o(.text.R_SCI_UART_ReadStop))
<BR><BR>[Stack]<UL><LI>Max Depth = 32<LI>Call Chain = R_SCI_UART_ReadStop
</UL>
<BR>[Address Reference Count : 1]<UL><LI> r_sci_uart.o(.rodata.g_uart_on_sci)
</UL>
<P><STRONG><a name="[2d]"></a>R_SCI_UART_Write</STRONG> (Thumb, 112 bytes, Stack size 16 bytes, r_sci_uart.o(.text.R_SCI_UART_Write))
<BR><BR>[Stack]<UL><LI>Max Depth = 16<LI>Call Chain = R_SCI_UART_Write
</UL>
<BR>[Called By]<UL><LI><a href="#[10]">&gt;&gt;</a>&nbsp;&nbsp;&nbsp;fputc
</UL>
<BR>[Address Reference Count : 1]<UL><LI> r_sci_uart.o(.rodata.g_uart_on_sci)
</UL>
<P><STRONG><a name="[0]"></a>Reset_Handler</STRONG> (Thumb, 10 bytes, Stack size 0 bytes, startup.o(.text.Reset_Handler))
<BR><BR>[Stack]<UL><LI>Max Depth = 88<LI>Call Chain = Reset_Handler &rArr; main &rArr; hal_entry &rArr; ibus_init &rArr; R_DMAC_Open &rArr; r_dmac_config_transfer_info
</UL>
<BR>[Calls]<UL><LI><a href="#[42]">&gt;&gt;</a>&nbsp;&nbsp;&nbsp;main
<LI><a href="#[41]">&gt;&gt;</a>&nbsp;&nbsp;&nbsp;SystemInit
</UL>
<BR>[Address Reference Count : 1]<UL><LI> startup.o(.fixed_vectors)
</UL>
<P><STRONG><a name="[46]"></a>SystemCoreClockUpdate</STRONG> (Thumb, 44 bytes, Stack size 0 bytes, bsp_clocks.o(.text.SystemCoreClockUpdate))
<BR><BR>[Called By]<UL><LI><a href="#[41]">&gt;&gt;</a>&nbsp;&nbsp;&nbsp;SystemInit
</UL>

<P><STRONG><a name="[41]"></a>SystemInit</STRONG> (Thumb, 240 bytes, Stack size 16 bytes, system.o(.text.SystemInit))
<BR><BR>[Stack]<UL><LI>Max Depth = 88<LI>Call Chain = SystemInit &rArr; R_BSP_WarmStart &rArr; R_IOPORT_Open &rArr; r_ioport_pins_config &rArr; bsp_vbatt_init &rArr; R_BSP_RegisterProtectDisable
</UL>
<BR>[Calls]<UL><LI><a href="#[44]">&gt;&gt;</a>&nbsp;&nbsp;&nbsp;__aeabi_memclr4
<LI><a href="#[45]">&gt;&gt;</a>&nbsp;&nbsp;&nbsp;__aeabi_memcpy4
<LI><a href="#[48]">&gt;&gt;</a>&nbsp;&nbsp;&nbsp;bsp_init
<LI><a href="#[47]">&gt;&gt;</a>&nbsp;&nbsp;&nbsp;bsp_irq_cfg
<LI><a href="#[3a]">&gt;&gt;</a>&nbsp;&nbsp;&nbsp;R_BSP_RegisterProtectEnable
<LI><a href="#[39]">&gt;&gt;</a>&nbsp;&nbsp;&nbsp;R_BSP_RegisterProtectDisable
<LI><a href="#[37]">&gt;&gt;</a>&nbsp;&nbsp;&nbsp;R_BSP_Init_RTC
<LI><a href="#[46]">&gt;&gt;</a>&nbsp;&nbsp;&nbsp;SystemCoreClockUpdate
<LI><a href="#[43]">&gt;&gt;</a>&nbsp;&nbsp;&nbsp;bsp_clock_init
<LI><a href="#[3c]">&gt;&gt;</a>&nbsp;&nbsp;&nbsp;R_BSP_WarmStart
</UL>
<BR>[Called By]<UL><LI><a href="#[0]">&gt;&gt;</a>&nbsp;&nbsp;&nbsp;Reset_Handler
</UL>

<P><STRONG><a name="[51]"></a>__aeabi_assert</STRONG> (Thumb, 6 bytes, Stack size 0 bytes, bsp_common.o(.text.__aeabi_assert))
<BR><BR>[Called By]<UL><LI><a href="#[4e]">&gt;&gt;</a>&nbsp;&nbsp;&nbsp;ibus_init
<LI><a href="#[4d]">&gt;&gt;</a>&nbsp;&nbsp;&nbsp;uart_debug_init
</UL>

<P><STRONG><a name="[43]"></a>bsp_clock_init</STRONG> (Thumb, 298 bytes, Stack size 24 bytes, bsp_clocks.o(.text.bsp_clock_init))
<BR><BR>[Stack]<UL><LI>Max Depth = 24<LI>Call Chain = bsp_clock_init
</UL>
<BR>[Calls]<UL><LI><a href="#[49]">&gt;&gt;</a>&nbsp;&nbsp;&nbsp;R_BSP_SubClockStabilizeWaitAfterReset
<LI><a href="#[38]">&gt;&gt;</a>&nbsp;&nbsp;&nbsp;R_BSP_SoftwareDelay
</UL>
<BR>[Called By]<UL><LI><a href="#[41]">&gt;&gt;</a>&nbsp;&nbsp;&nbsp;SystemInit
</UL>

<P><STRONG><a name="[48]"></a>bsp_init</STRONG> (Thumb, 2 bytes, Stack size 0 bytes, bsp_common.o(.text.bsp_init_internal))
<BR><BR>[Called By]<UL><LI><a href="#[41]">&gt;&gt;</a>&nbsp;&nbsp;&nbsp;SystemInit
</UL>

<P><STRONG><a name="[5d]"></a>bsp_init_internal</STRONG> (Thumb, 2 bytes, Stack size 0 bytes, bsp_common.o(.text.bsp_init_internal), UNUSED)

<P><STRONG><a name="[47]"></a>bsp_irq_cfg</STRONG> (Thumb, 150 bytes, Stack size 32 bytes, bsp_irq.o(.text.bsp_irq_cfg))
<BR><BR>[Stack]<UL><LI>Max Depth = 40<LI>Call Chain = bsp_irq_cfg &rArr; R_BSP_RegisterProtectDisable
</UL>
<BR>[Calls]<UL><LI><a href="#[3a]">&gt;&gt;</a>&nbsp;&nbsp;&nbsp;R_BSP_RegisterProtectEnable
<LI><a href="#[39]">&gt;&gt;</a>&nbsp;&nbsp;&nbsp;R_BSP_RegisterProtectDisable
</UL>
<BR>[Called By]<UL><LI><a href="#[41]">&gt;&gt;</a>&nbsp;&nbsp;&nbsp;SystemInit
</UL>

<P><STRONG><a name="[3b]"></a>bsp_prv_software_delay_loop</STRONG> (Thumb, 8 bytes, Stack size 0 bytes, bsp_delay.o(.text.bsp_prv_software_delay_loop))
<BR><BR>[Calls]<UL><LI><a href="#[3b]">&gt;&gt;</a>&nbsp;&nbsp;&nbsp;bsp_prv_software_delay_loop
</UL>
<BR>[Called By]<UL><LI><a href="#[3b]">&gt;&gt;</a>&nbsp;&nbsp;&nbsp;bsp_prv_software_delay_loop
<LI><a href="#[38]">&gt;&gt;</a>&nbsp;&nbsp;&nbsp;R_BSP_SoftwareDelay
</UL>

<P><STRONG><a name="[4a]"></a>channel_print</STRONG> (Thumb, 64 bytes, Stack size 8 bytes, drv_ibus.o(.text.channel_print))
<BR><BR>[Stack]<UL><LI>Max Depth = 32<LI>Call Chain = channel_print &rArr; __2printf
</UL>
<BR>[Calls]<UL><LI><a href="#[4b]">&gt;&gt;</a>&nbsp;&nbsp;&nbsp;__2printf
</UL>
<BR>[Called By]<UL><LI><a href="#[4c]">&gt;&gt;</a>&nbsp;&nbsp;&nbsp;hal_entry
</UL>

<P><STRONG><a name="[f]"></a>dmac_int_isr</STRONG> (Thumb, 72 bytes, Stack size 16 bytes, r_dmac.o(.text.dmac_int_isr))
<BR><BR>[Stack]<UL><LI>Max Depth = 16<LI>Call Chain = dmac_int_isr
</UL>
<BR>[Address Reference Count : 1]<UL><LI> vector_data.o(.application_vectors)
</UL>
<P><STRONG><a name="[1e]"></a>dmac_sci2_rx_callback</STRONG> (Thumb, 126 bytes, Stack size 16 bytes, drv_ibus.o(.text.dmac_sci2_rx_callback))
<BR><BR>[Stack]<UL><LI>Max Depth = 32<LI>Call Chain = dmac_sci2_rx_callback &rArr; R_DMAC_Reset
</UL>
<BR>[Calls]<UL><LI><a href="#[23]">&gt;&gt;</a>&nbsp;&nbsp;&nbsp;R_DMAC_Disable
<LI><a href="#[22]">&gt;&gt;</a>&nbsp;&nbsp;&nbsp;R_DMAC_Enable
<LI><a href="#[21]">&gt;&gt;</a>&nbsp;&nbsp;&nbsp;R_DMAC_Reset
</UL>
<BR>[Address Reference Count : 1]<UL><LI> hal_data.o(.rodata.g_transfer_dmac_sci2_rx_extend)
</UL>
<P><STRONG><a name="[10]"></a>fputc</STRONG> (Thumb, 48 bytes, Stack size 16 bytes, bsp_uart_debug.o(.text.fputc))
<BR><BR>[Stack]<UL><LI>Max Depth = 32<LI>Call Chain = fputc &rArr; R_SCI_UART_Write
</UL>
<BR>[Calls]<UL><LI><a href="#[2d]">&gt;&gt;</a>&nbsp;&nbsp;&nbsp;R_SCI_UART_Write
</UL>
<BR>[Address Reference Count : 1]<UL><LI> printf1.o(i.__0printf$1)
</UL>
<P><STRONG><a name="[4c]"></a>hal_entry</STRONG> (Thumb, 32 bytes, Stack size 0 bytes, hal_entry.o(.text.hal_entry))
<BR><BR>[Stack]<UL><LI>Max Depth = 80<LI>Call Chain = hal_entry &rArr; ibus_init &rArr; R_DMAC_Open &rArr; r_dmac_config_transfer_info
</UL>
<BR>[Calls]<UL><LI><a href="#[38]">&gt;&gt;</a>&nbsp;&nbsp;&nbsp;R_BSP_SoftwareDelay
<LI><a href="#[50]">&gt;&gt;</a>&nbsp;&nbsp;&nbsp;led_twinkling
<LI><a href="#[4f]">&gt;&gt;</a>&nbsp;&nbsp;&nbsp;ibus_unpack
<LI><a href="#[4a]">&gt;&gt;</a>&nbsp;&nbsp;&nbsp;channel_print
<LI><a href="#[4e]">&gt;&gt;</a>&nbsp;&nbsp;&nbsp;ibus_init
<LI><a href="#[4d]">&gt;&gt;</a>&nbsp;&nbsp;&nbsp;uart_debug_init
</UL>
<BR>[Called By]<UL><LI><a href="#[42]">&gt;&gt;</a>&nbsp;&nbsp;&nbsp;main
</UL>

<P><STRONG><a name="[4e]"></a>ibus_init</STRONG> (Thumb, 164 bytes, Stack size 16 bytes, drv_ibus.o(.text.ibus_init))
<BR><BR>[Stack]<UL><LI>Max Depth = 80<LI>Call Chain = ibus_init &rArr; R_DMAC_Open &rArr; r_dmac_config_transfer_info
</UL>
<BR>[Calls]<UL><LI><a href="#[51]">&gt;&gt;</a>&nbsp;&nbsp;&nbsp;__aeabi_assert
<LI><a href="#[2b]">&gt;&gt;</a>&nbsp;&nbsp;&nbsp;R_SCI_UART_Open
<LI><a href="#[22]">&gt;&gt;</a>&nbsp;&nbsp;&nbsp;R_DMAC_Enable
<LI><a href="#[1f]">&gt;&gt;</a>&nbsp;&nbsp;&nbsp;R_DMAC_Open
<LI><a href="#[21]">&gt;&gt;</a>&nbsp;&nbsp;&nbsp;R_DMAC_Reset
</UL>
<BR>[Called By]<UL><LI><a href="#[4c]">&gt;&gt;</a>&nbsp;&nbsp;&nbsp;hal_entry
</UL>

<P><STRONG><a name="[4f]"></a>ibus_unpack</STRONG> (Thumb, 166 bytes, Stack size 48 bytes, drv_ibus.o(.text.ibus_unpack))
<BR><BR>[Stack]<UL><LI>Max Depth = 48<LI>Call Chain = ibus_unpack
</UL>
<BR>[Calls]<UL><LI><a href="#[44]">&gt;&gt;</a>&nbsp;&nbsp;&nbsp;__aeabi_memclr4
<LI><a href="#[52]">&gt;&gt;</a>&nbsp;&nbsp;&nbsp;__aeabi_memcpy
</UL>
<BR>[Called By]<UL><LI><a href="#[4c]">&gt;&gt;</a>&nbsp;&nbsp;&nbsp;hal_entry
</UL>

<P><STRONG><a name="[50]"></a>led_twinkling</STRONG> (Thumb, 80 bytes, Stack size 24 bytes, bsp_led.o(.text.led_twinkling))
<BR><BR>[Stack]<UL><LI>Max Depth = 24<LI>Call Chain = led_twinkling
</UL>
<BR>[Called By]<UL><LI><a href="#[4c]">&gt;&gt;</a>&nbsp;&nbsp;&nbsp;hal_entry
</UL>

<P><STRONG><a name="[42]"></a>main</STRONG> (Thumb, 10 bytes, Stack size 8 bytes, main.o(.text.main))
<BR><BR>[Stack]<UL><LI>Max Depth = 88<LI>Call Chain = main &rArr; hal_entry &rArr; ibus_init &rArr; R_DMAC_Open &rArr; r_dmac_config_transfer_info
</UL>
<BR>[Calls]<UL><LI><a href="#[4c]">&gt;&gt;</a>&nbsp;&nbsp;&nbsp;hal_entry
</UL>
<BR>[Called By]<UL><LI><a href="#[0]">&gt;&gt;</a>&nbsp;&nbsp;&nbsp;Reset_Handler
</UL>

<P><STRONG><a name="[e]"></a>sci_uart_eri_isr</STRONG> (Thumb, 106 bytes, Stack size 16 bytes, r_sci_uart.o(.text.sci_uart_eri_isr))
<BR><BR>[Stack]<UL><LI>Max Depth = 48<LI>Call Chain = sci_uart_eri_isr &rArr; r_sci_uart_call_callback
</UL>
<BR>[Calls]<UL><LI><a href="#[53]">&gt;&gt;</a>&nbsp;&nbsp;&nbsp;r_sci_uart_call_callback
</UL>
<BR>[Address Reference Count : 1]<UL><LI> vector_data.o(.application_vectors)
</UL>
<P><STRONG><a name="[b]"></a>sci_uart_rxi_isr</STRONG> (Thumb, 166 bytes, Stack size 16 bytes, r_sci_uart.o(.text.sci_uart_rxi_isr))
<BR><BR>[Stack]<UL><LI>Max Depth = 48<LI>Call Chain = sci_uart_rxi_isr &rArr; r_sci_uart_call_callback
</UL>
<BR>[Calls]<UL><LI><a href="#[52]">&gt;&gt;</a>&nbsp;&nbsp;&nbsp;__aeabi_memcpy
<LI><a href="#[53]">&gt;&gt;</a>&nbsp;&nbsp;&nbsp;r_sci_uart_call_callback
</UL>
<BR>[Address Reference Count : 1]<UL><LI> vector_data.o(.application_vectors)
</UL>
<P><STRONG><a name="[d]"></a>sci_uart_tei_isr</STRONG> (Thumb, 74 bytes, Stack size 8 bytes, r_sci_uart.o(.text.sci_uart_tei_isr))
<BR><BR>[Stack]<UL><LI>Max Depth = 40<LI>Call Chain = sci_uart_tei_isr &rArr; r_sci_uart_call_callback
</UL>
<BR>[Calls]<UL><LI><a href="#[53]">&gt;&gt;</a>&nbsp;&nbsp;&nbsp;r_sci_uart_call_callback
</UL>
<BR>[Address Reference Count : 1]<UL><LI> vector_data.o(.application_vectors)
</UL>
<P><STRONG><a name="[c]"></a>sci_uart_txi_isr</STRONG> (Thumb, 138 bytes, Stack size 0 bytes, r_sci_uart.o(.text.sci_uart_txi_isr))
<BR><BR>[Stack]<UL><LI>Max Depth = 32<LI>Call Chain = sci_uart_txi_isr &rArr; r_sci_uart_call_callback
</UL>
<BR>[Calls]<UL><LI><a href="#[53]">&gt;&gt;</a>&nbsp;&nbsp;&nbsp;r_sci_uart_call_callback
</UL>
<BR>[Address Reference Count : 1]<UL><LI> vector_data.o(.application_vectors)
</UL>
<P><STRONG><a name="[2a]"></a>uart0_debug_callback</STRONG> (Thumb, 22 bytes, Stack size 0 bytes, bsp_uart_debug.o(.text.uart0_debug_callback))
<BR>[Address Reference Count : 1]<UL><LI> hal_data.o(.rodata.g_uart0_debug_cfg)
</UL>
<P><STRONG><a name="[4d]"></a>uart_debug_init</STRONG> (Thumb, 32 bytes, Stack size 8 bytes, bsp_uart_debug.o(.text.uart_debug_init))
<BR><BR>[Stack]<UL><LI>Max Depth = 48<LI>Call Chain = uart_debug_init &rArr; R_SCI_UART_Open &rArr; r_sci_uart_transfer_configure
</UL>
<BR>[Calls]<UL><LI><a href="#[51]">&gt;&gt;</a>&nbsp;&nbsp;&nbsp;__aeabi_assert
<LI><a href="#[2b]">&gt;&gt;</a>&nbsp;&nbsp;&nbsp;R_SCI_UART_Open
</UL>
<BR>[Called By]<UL><LI><a href="#[4c]">&gt;&gt;</a>&nbsp;&nbsp;&nbsp;hal_entry
</UL>

<P><STRONG><a name="[54]"></a>__0printf$1</STRONG> (Thumb, 22 bytes, Stack size 24 bytes, printf1.o(i.__0printf$1), UNUSED)
<BR><BR>[Calls]<UL><LI><a href="#[55]">&gt;&gt;</a>&nbsp;&nbsp;&nbsp;_printf_core
</UL>

<P><STRONG><a name="[5e]"></a>__1printf$1</STRONG> (Thumb, 0 bytes, Stack size 24 bytes, printf1.o(i.__0printf$1), UNUSED)

<P><STRONG><a name="[4b]"></a>__2printf</STRONG> (Thumb, 0 bytes, Stack size 24 bytes, printf1.o(i.__0printf$1))
<BR><BR>[Stack]<UL><LI>Max Depth = 24<LI>Call Chain = __2printf
</UL>
<BR>[Called By]<UL><LI><a href="#[4a]">&gt;&gt;</a>&nbsp;&nbsp;&nbsp;channel_print
</UL>
<P>
<H3>
Local Symbols
</H3>
<P><STRONG><a name="[3d]"></a>r_dmac_config_transfer_info</STRONG> (Thumb, 396 bytes, Stack size 48 bytes, r_dmac.o(.text.r_dmac_config_transfer_info))
<BR><BR>[Stack]<UL><LI>Max Depth = 48<LI>Call Chain = r_dmac_config_transfer_info
</UL>
<BR>[Called By]<UL><LI><a href="#[20]">&gt;&gt;</a>&nbsp;&nbsp;&nbsp;R_DMAC_Reconfigure
<LI><a href="#[1f]">&gt;&gt;</a>&nbsp;&nbsp;&nbsp;R_DMAC_Open
</UL>

<P><STRONG><a name="[3e]"></a>r_ioport_pins_config</STRONG> (Thumb, 196 bytes, Stack size 16 bytes, r_ioport.o(.text.r_ioport_pins_config))
<BR><BR>[Stack]<UL><LI>Max Depth = 64<LI>Call Chain = r_ioport_pins_config &rArr; bsp_vbatt_init &rArr; R_BSP_RegisterProtectDisable
</UL>
<BR>[Calls]<UL><LI><a href="#[3f]">&gt;&gt;</a>&nbsp;&nbsp;&nbsp;bsp_vbatt_init
</UL>
<BR>[Called By]<UL><LI><a href="#[13]">&gt;&gt;</a>&nbsp;&nbsp;&nbsp;R_IOPORT_PinsCfg
<LI><a href="#[11]">&gt;&gt;</a>&nbsp;&nbsp;&nbsp;R_IOPORT_Open
</UL>

<P><STRONG><a name="[3f]"></a>bsp_vbatt_init</STRONG> (Thumb, 204 bytes, Stack size 40 bytes, r_ioport.o(.text.bsp_vbatt_init))
<BR><BR>[Stack]<UL><LI>Max Depth = 48<LI>Call Chain = bsp_vbatt_init &rArr; R_BSP_RegisterProtectDisable
</UL>
<BR>[Calls]<UL><LI><a href="#[3a]">&gt;&gt;</a>&nbsp;&nbsp;&nbsp;R_BSP_RegisterProtectEnable
<LI><a href="#[39]">&gt;&gt;</a>&nbsp;&nbsp;&nbsp;R_BSP_RegisterProtectDisable
<LI><a href="#[38]">&gt;&gt;</a>&nbsp;&nbsp;&nbsp;R_BSP_SoftwareDelay
</UL>
<BR>[Called By]<UL><LI><a href="#[14]">&gt;&gt;</a>&nbsp;&nbsp;&nbsp;R_IOPORT_PinCfg
<LI><a href="#[3e]">&gt;&gt;</a>&nbsp;&nbsp;&nbsp;r_ioport_pins_config
</UL>

<P><STRONG><a name="[40]"></a>r_sci_uart_transfer_configure</STRONG> (Thumb, 56 bytes, Stack size 8 bytes, r_sci_uart.o(.text.r_sci_uart_transfer_configure))
<BR><BR>[Stack]<UL><LI>Max Depth = 8<LI>Call Chain = r_sci_uart_transfer_configure
</UL>
<BR>[Called By]<UL><LI><a href="#[2b]">&gt;&gt;</a>&nbsp;&nbsp;&nbsp;R_SCI_UART_Open
</UL>

<P><STRONG><a name="[53]"></a>r_sci_uart_call_callback</STRONG> (Thumb, 64 bytes, Stack size 32 bytes, r_sci_uart.o(.text.r_sci_uart_call_callback))
<BR><BR>[Stack]<UL><LI>Max Depth = 32<LI>Call Chain = r_sci_uart_call_callback
</UL>
<BR>[Called By]<UL><LI><a href="#[e]">&gt;&gt;</a>&nbsp;&nbsp;&nbsp;sci_uart_eri_isr
<LI><a href="#[d]">&gt;&gt;</a>&nbsp;&nbsp;&nbsp;sci_uart_tei_isr
<LI><a href="#[b]">&gt;&gt;</a>&nbsp;&nbsp;&nbsp;sci_uart_rxi_isr
<LI><a href="#[c]">&gt;&gt;</a>&nbsp;&nbsp;&nbsp;sci_uart_txi_isr
</UL>

<P><STRONG><a name="[55]"></a>_printf_core</STRONG> (Thumb, 336 bytes, Stack size 88 bytes, printf1.o(i._printf_core), UNUSED)
<BR><BR>[Calls]<UL><LI><a href="#[56]">&gt;&gt;</a>&nbsp;&nbsp;&nbsp;__aeabi_uidivmod
</UL>
<BR>[Called By]<UL><LI><a href="#[54]">&gt;&gt;</a>&nbsp;&nbsp;&nbsp;__0printf$1
</UL>
<P>
<H3>
Undefined Global Symbols
</H3><HR></body></html>
