Component: Arm Compiler for Embedded 6.19 Tool: armlink [5e73cb00]

==============================================================================

Section Cross References

    hal_entry.o(.text.hal_entry) refers to bsp_uart_debug.o(.text.uart_debug_init) for uart_debug_init
    hal_entry.o(.text.hal_entry) refers to drv_ibus.o(.text.ibus_init) for ibus_init
    hal_entry.o(.text.hal_entry) refers to drv_ibus.o(.text.channel_print) for channel_print
    hal_entry.o(.text.hal_entry) refers to drv_ibus.o(.text.ibus_unpack) for ibus_unpack
    hal_entry.o(.text.hal_entry) refers to bsp_led.o(.text.led_twinkling) for led_twinkling
    hal_entry.o(.text.hal_entry) refers to bsp_delay.o(.text.R_BSP_SoftwareDelay) for R_BSP_SoftwareDelay
    hal_entry.o(.ARM.exidx.text.hal_entry) refers to hal_entry.o(.text.hal_entry) for [Anonymous Symbol]
    hal_entry.o(.text.R_BSP_WarmStart) refers to common_data.o(.bss.g_ioport_ctrl) for g_ioport_ctrl
    hal_entry.o(.text.R_BSP_WarmStart) refers to pin_data.o(.rodata.g_bsp_pin_cfg) for g_bsp_pin_cfg
    hal_entry.o(.text.R_BSP_WarmStart) refers to r_ioport.o(.text.R_IOPORT_Open) for R_IOPORT_Open
    hal_entry.o(.ARM.exidx.text.R_BSP_WarmStart) refers to hal_entry.o(.text.R_BSP_WarmStart) for [Anonymous Symbol]
    drv_ibus.o(.text.ibus_unpack) refers to drv_ibus.o(.bss.rx_buffer_initial_find) for rx_buffer_initial_find
    drv_ibus.o(.text.ibus_unpack) refers to drv_ibus.o(.bss.rx_buffer) for rx_buffer
    drv_ibus.o(.text.ibus_unpack) refers to memcpya.o(.text) for __aeabi_memcpy
    drv_ibus.o(.text.ibus_unpack) refers to memseta.o(.text) for __aeabi_memclr4
    drv_ibus.o(.text.ibus_unpack) refers to drv_ibus.o(.bss.channel) for channel
    drv_ibus.o(.text.ibus_unpack) refers to drv_ibus.o(.bss.rc_data) for rc_data
    drv_ibus.o(.ARM.exidx.text.ibus_unpack) refers to drv_ibus.o(.text.ibus_unpack) for [Anonymous Symbol]
    drv_ibus.o(.text.ibus_init) refers to hal_data.o(.rodata.g_transfer_dmac_sci2_rx) for g_transfer_dmac_sci2_rx
    drv_ibus.o(.text.ibus_init) refers to drv_ibus.o(.bss.rx_buffer_from_dma) for rx_buffer_from_dma
    drv_ibus.o(.text.ibus_init) refers to r_dmac.o(.text.R_DMAC_Reset) for R_DMAC_Reset
    drv_ibus.o(.text.ibus_init) refers to r_dmac.o(.text.R_DMAC_Open) for R_DMAC_Open
    drv_ibus.o(.text.ibus_init) refers to r_dmac.o(.text.R_DMAC_Enable) for R_DMAC_Enable
    drv_ibus.o(.text.ibus_init) refers to hal_data.o(.rodata.g_uart2_ibus) for g_uart2_ibus
    drv_ibus.o(.text.ibus_init) refers to r_sci_uart.o(.text.R_SCI_UART_Open) for R_SCI_UART_Open
    drv_ibus.o(.text.ibus_init) refers to drv_ibus.o(.rodata.str1.1) for .L.str
    drv_ibus.o(.text.ibus_init) refers to bsp_common.o(.text.__aeabi_assert) for __aeabi_assert
    drv_ibus.o(.ARM.exidx.text.ibus_init) refers to drv_ibus.o(.text.ibus_init) for [Anonymous Symbol]
    drv_ibus.o(.text.dmac_sci2_rx_callback) refers to drv_ibus.o(.bss.rx_buffer_from_dma) for rx_buffer_from_dma
    drv_ibus.o(.text.dmac_sci2_rx_callback) refers to drv_ibus.o(.bss.rx_buffer_initial_find) for rx_buffer_initial_find
    drv_ibus.o(.text.dmac_sci2_rx_callback) refers to hal_data.o(.rodata.g_transfer_dmac_sci2_rx) for g_transfer_dmac_sci2_rx
    drv_ibus.o(.text.dmac_sci2_rx_callback) refers to r_dmac.o(.text.R_DMAC_Disable) for R_DMAC_Disable
    drv_ibus.o(.text.dmac_sci2_rx_callback) refers to r_dmac.o(.text.R_DMAC_Reset) for R_DMAC_Reset
    drv_ibus.o(.text.dmac_sci2_rx_callback) refers to r_dmac.o(.text.R_DMAC_Enable) for R_DMAC_Enable
    drv_ibus.o(.ARM.exidx.text.dmac_sci2_rx_callback) refers to drv_ibus.o(.text.dmac_sci2_rx_callback) for [Anonymous Symbol]
    drv_ibus.o(.text.channel_print) refers to drv_ibus.o(.bss.channel) for channel
    drv_ibus.o(.text.channel_print) refers to printf1.o(i.__0printf$1) for __2printf
    drv_ibus.o(.ARM.exidx.text.channel_print) refers to drv_ibus.o(.text.channel_print) for [Anonymous Symbol]
    bsp_uart_debug.o(.text.uart0_debug_callback) refers to bsp_uart_debug.o(.bss.uart_send_complete_flag) for uart_send_complete_flag
    bsp_uart_debug.o(.ARM.exidx.text.uart0_debug_callback) refers to bsp_uart_debug.o(.text.uart0_debug_callback) for [Anonymous Symbol]
    bsp_uart_debug.o(.text.uart_debug_init) refers to hal_data.o(.rodata.g_uart0_debug) for g_uart0_debug
    bsp_uart_debug.o(.text.uart_debug_init) refers to r_sci_uart.o(.text.R_SCI_UART_Open) for R_SCI_UART_Open
    bsp_uart_debug.o(.text.uart_debug_init) refers to bsp_common.o(.text.__aeabi_assert) for __aeabi_assert
    bsp_uart_debug.o(.ARM.exidx.text.uart_debug_init) refers to bsp_uart_debug.o(.text.uart_debug_init) for [Anonymous Symbol]
    bsp_uart_debug.o(.text.fputc) refers to hal_data.o(.bss.g_uart0_debug_ctrl) for g_uart0_debug_ctrl
    bsp_uart_debug.o(.text.fputc) refers to r_sci_uart.o(.text.R_SCI_UART_Write) for R_SCI_UART_Write
    bsp_uart_debug.o(.text.fputc) refers to bsp_uart_debug.o(.bss.uart_send_complete_flag) for uart_send_complete_flag
[...]
    Removing drv_ibus.o(.ARM.exidx.text.ibus_init), (8 bytes).
    Removing drv_ibus.o(.ARM.exidx.text.dmac_sci2_rx_callback), (8 bytes).
    Removing drv_ibus.o(.ARM.exidx.text.channel_print), (8 bytes).
    Removing bsp_uart_debug.o(.text), (0 bytes).
    Removing bsp_uart_debug.o(.ARM.exidx.text.uart0_debug_callback), (8 bytes).
    Removing bsp_uart_debug.o(.ARM.exidx.text.uart_debug_init), (8 bytes).
    Removing bsp_uart_debug.o(.ARM.exidx.text.fputc), (8 bytes).
    Removing bsp_led.o(.text), (0 bytes).
    Removing bsp_led.o(.text.led_on), (54 bytes).
    Removing bsp_led.o(.ARM.exidx.text.led_on), (8 bytes).
    Removing bsp_led.o(.text.led_off), (54 bytes).
    Removing bsp_led.o(.ARM.exidx.text.led_off), (8 bytes).
    Removing bsp_led.o(.ARM.exidx.text.led_twinkling), (8 bytes).
    Removing startup.o(.text), (0 bytes).
    Removing startup.o(.ARM.exidx.text.Reset_Handler), (8 bytes).
    Removing startup.o(.ARM.exidx.text.Default_Handler), (8 bytes).
    Removing system.o(.text), (0 bytes).
    Removing system.o(.ARM.exidx.text.SystemInit), (8 bytes).
    Removing system.o(.text.R_BSP_WarmStart), (2 bytes).
    Removing system.o(.ARM.exidx.text.R_BSP_WarmStart), (8 bytes).
    Removing bsp_clocks.o(.text), (0 bytes).
    Removing bsp_clocks.o(.text.bsp_prv_operating_mode_set), (68 bytes).
    Removing bsp_clocks.o(.ARM.exidx.text.bsp_prv_operating_mode_set), (8 bytes).
    Removing bsp_clocks.o(.text.bsp_prv_prepare_pll), (24 bytes).
    Removing bsp_clocks.o(.ARM.exidx.text.bsp_prv_prepare_pll), (8 bytes).
    Removing bsp_clocks.o(.ARM.exidx.text.SystemCoreClockUpdate), (8 bytes).
    Removing bsp_clocks.o(.text.prv_clock_dividers_set), (12 bytes).
    Removing bsp_clocks.o(.ARM.exidx.text.prv_clock_dividers_set), (8 bytes).
    Removing bsp_clocks.o(.text.bsp_prv_clock_set), (182 bytes).
    Removing bsp_clocks.o(.ARM.exidx.text.bsp_prv_clock_set), (8 bytes).
    Removing bsp_clocks.o(.ARM.exidx.text.bsp_clock_init), (8 bytes).
    Removing bsp_clocks.o(.text.R_BSP_SubClockStabilizeWait), (8 bytes).
    Removing bsp_clocks.o(.ARM.exidx.text.R_BSP_SubClockStabilizeWait), (8 bytes).
    Removing bsp_clocks.o(.ARM.exidx.text.R_BSP_SubClockStabilizeWaitAfterReset), (8 bytes).
    Removing bsp_clocks.o(.text.R_BSP_OctaclkUpdate), (2 bytes).
    Removing bsp_clocks.o(.ARM.exidx.text.R_BSP_OctaclkUpdate), (8 bytes).
    Removing bsp_clocks.o(.text.R_BSP_SourceClockHzGet), (14 bytes).
    Removing bsp_clocks.o(.ARM.exidx.text.R_BSP_SourceClockHzGet), (8 bytes).
    Removing bsp_clocks.o(.ARM.exidx.text.R_BSP_Init_RTC), (8 bytes).
    Removing bsp_common.o(.text), (0 bytes).
    Removing bsp_common.o(.ARM.exidx.text.bsp_init_internal), (8 bytes).
    Removing bsp_common.o(.text.R_FSP_VersionGet), (12 bytes).
    Removing bsp_common.o(.ARM.exidx.text.R_FSP_VersionGet), (8 bytes).
    Removing bsp_common.o(.ARM.exidx.text.__aeabi_assert), (8 bytes).
    Removing bsp_delay.o(.text), (0 bytes).
    Removing bsp_delay.o(.ARM.exidx.text.R_BSP_SoftwareDelay), (8 bytes).
    Removing bsp_delay.o(.ARM.exidx.text.bsp_prv_software_delay_loop), (8 bytes).
    Removing bsp_group_irq.o(.text), (0 bytes).
    Removing bsp_group_irq.o(.text.R_BSP_GroupIrqWrite), (18 bytes).
    Removing bsp_group_irq.o(.ARM.exidx.text.R_BSP_GroupIrqWrite), (8 bytes).
    Removing bsp_group_irq.o(.ARM.exidx.text.NMI_Handler), (8 bytes).
    Removing bsp_guard.o(.text), (0 bytes).
    Removing bsp_io.o(.text), (0 bytes).
    Removing bsp_irq.o(.text), (0 bytes).
    Removing bsp_irq.o(.ARM.exidx.text.bsp_irq_cfg), (8 bytes).
    Removing bsp_irq.o(.rodata.g_interrupt_event_link_select), (384 bytes).
    Removing bsp_macl.o(.text), (0 bytes).
    Removing bsp_register_protection.o(.text), (0 bytes).
    Removing bsp_register_protection.o(.ARM.exidx.text.R_BSP_RegisterProtectEnable), (8 bytes).
    Removing bsp_register_protection.o(.ARM.exidx.text.R_BSP_RegisterProtectDisable), (8 bytes).
    Removing bsp_rom_registers.o(.text), (0 bytes).
    Removing bsp_sbrk.o(.text), (0 bytes).
    Removing bsp_sdram.o(.text), (0 bytes).
    Removing bsp_security.o(.text), (0 bytes).
    Removing r_dmac.o(.text), (0 bytes).
    Removing r_dmac.o(.ARM.exidx.text.R_DMAC_Open), (8 bytes).
    Removing r_dmac.o(.ARM.exidx.text.R_DMAC_Reconfigure), (8 bytes).
    Removing r_dmac.o(.ARM.exidx.text.R_DMAC_Reset), (8 bytes).
    Removing r_dmac.o(.ARM.exidx.text.R_DMAC_Enable), (8 bytes).
    Removing r_dmac.o(.ARM.exidx.text.R_DMAC_Disable), (8 bytes).
    Removing r_dmac.o(.ARM.exidx.text.R_DMAC_SoftwareStart), (8 bytes).
    Removing r_dmac.o(.ARM.exidx.text.R_DMAC_SoftwareStop), (8 bytes).
    Removing r_dmac.o(.ARM.exidx.text.R_DMAC_InfoGet), (8 bytes).
    Removing r_dmac.o(.ARM.exidx.text.R_DMAC_Close), (8 bytes).
    Removing r_dmac.o(.ARM.exidx.text.R_DMAC_Reload), (8 bytes).
    Removing r_dmac.o(.ARM.exidx.text.R_DMAC_CallbackSet), (8 bytes).
    Removing r_dmac.o(.ARM.exidx.text.r_dmac_config_transfer_info), (8 bytes).
    Removing r_dmac.o(.ARM.exidx.text.dmac_int_isr), (8 bytes).
    Removing r_ioport.o(.text), (0 bytes).
    Removing r_ioport.o(.ARM.exidx.text.R_IOPORT_Open), (8 bytes).
    Removing r_ioport.o(.ARM.exidx.text.R_IOPORT_Close), (8 bytes).
    Removing r_ioport.o(.ARM.exidx.text.R_IOPORT_PinsCfg), (8 bytes).
    Removing r_ioport.o(.ARM.exidx.text.R_IOPORT_PinCfg), (8 bytes).
    Removing r_ioport.o(.ARM.exidx.text.R_IOPORT_PinEventInputRead), (8 bytes).
    Removing r_ioport.o(.ARM.exidx.text.R_IOPORT_PinEventOutputWrite), (8 bytes).
    Removing r_ioport.o(.ARM.exidx.text.R_IOPORT_PinRead), (8 bytes).
    Removing r_ioport.o(.ARM.exidx.text.R_IOPORT_PinWrite), (8 bytes).
    Removing r_ioport.o(.ARM.exidx.text.R_IOPORT_PortDirectionSet), (8 bytes).
    Removing r_ioport.o(.ARM.exidx.text.R_IOPORT_PortEventInputRead), (8 bytes).
    Removing r_ioport.o(.ARM.exidx.text.R_IOPORT_PortEventOutputWrite), (8 bytes).
    Removing r_ioport.o(.ARM.exidx.text.R_IOPORT_PortRead), (8 bytes).
    Removing r_ioport.o(.ARM.exidx.text.R_IOPORT_PortWrite), (8 bytes).
    Removing r_ioport.o(.ARM.exidx.text.r_ioport_pins_config), (8 bytes).
    Removing r_ioport.o(.ARM.exidx.text.bsp_vbatt_init), (8 bytes).
    Removing r_sci_uart.o(.text), (0 bytes).
    Removing r_sci_uart.o(.ARM.exidx.text.R_SCI_UART_Open), (8 bytes).
    Removing r_sci_uart.o(.ARM.exidx.text.R_SCI_UART_Read), (8 bytes).
    Removing r_sci_uart.o(.ARM.exidx.text.R_SCI_UART_Write), (8 bytes).
    Removing r_sci_uart.o(.ARM.exidx.text.R_SCI_UART_BaudSet), (8 bytes).
    Removing r_sci_uart.o(.ARM.exidx.text.R_SCI_UART_InfoGet), (8 bytes).
    Removing r_sci_uart.o(.ARM.exidx.text.R_SCI_UART_Abort), (8 bytes).
    Removing r_sci_uart.o(.ARM.exidx.text.R_SCI_UART_CallbackSet), (8 bytes).
    Removing r_sci_uart.o(.ARM.exidx.text.R_SCI_UART_Close), (8 bytes).
    Removing r_sci_uart.o(.ARM.exidx.text.R_SCI_UART_ReadStop), (8 bytes).
    Removing r_sci_uart.o(.text.R_SCI_UART_BaudCalculate), (400 bytes).
    Removing r_sci_uart.o(.ARM.exidx.text.R_SCI_UART_BaudCalculate), (8 bytes).
    Removing r_sci_uart.o(.ARM.exidx.text.sci_uart_txi_isr), (8 bytes).
    Removing r_sci_uart.o(.ARM.exidx.text.r_sci_uart_call_callback), (8 bytes).
    Removing r_sci_uart.o(.ARM.exidx.text.sci_uart_rxi_isr), (8 bytes).
    Removing r_sci_uart.o(.ARM.exidx.text.sci_uart_tei_isr), (8 bytes).
    Removing r_sci_uart.o(.ARM.exidx.text.sci_uart_eri_isr), (8 bytes).
    Removing r_sci_uart.o(.ARM.exidx.text.r_sci_uart_transfer_configure), (8 bytes).
    Removing r_sci_uart.o(.rodata.g_async_baud), (13 bytes).
    Removing r_sci_uart.o(.rodata.g_div_coefficient), (26 bytes).
    Removing common_data.o(.text), (0 bytes).
    Removing common_data.o(.text.g_common_init), (2 bytes).
    Removing common_data.o(.ARM.exidx.text.g_common_init), (8 bytes).
    Removing hal_data.o(.text), (0 bytes).
    Removing hal_data.o(.text.g_hal_init), (4 bytes).
    Removing hal_data.o(.ARM.exidx.text.g_hal_init), (8 bytes).
    Removing main.o(.text), (0 bytes).
    Removing main.o(.ARM.exidx.text.main), (8 bytes).
    Removing main.o(.ARM.use_no_argv), (4 bytes).
    Removing pin_data.o(.text), (0 bytes).
    Removing vector_data.o(.text), (0 bytes).
    Removing dadd.o(.text), (334 bytes).
    Removing dmul.o(.text), (228 bytes).
    Removing ddiv.o(.text), (222 bytes).
    Removing dfixul.o(.text), (48 bytes).
    Removing cdrcmple.o(.text), (48 bytes).
    Removing depilogue.o(.text), (186 bytes).

136 unused section(s) (total 3021 bytes) removed from the image.

==============================================================================

Image Symbol Table

    Local Symbols

    Symbol Name                              Value     Ov Type        Size  Object(Section)

    ../clib/division.s                       0x00000000   Number         0  aeabi_sdiv.o ABSOLUTE
    ../clib/microlib/division.c              0x00000000   Number         0  ldiv.o ABSOLUTE
    ../clib/microlib/division.c              0x00000000   Number         0  uidiv.o ABSOLUTE
    ../clib/microlib/division.c              0x00000000   Number         0  uldiv.o ABSOLUTE
    ../clib/microlib/longlong.c              0x00000000   Number         0  llshl.o ABSOLUTE
    ../clib/microlib/longlong.c              0x00000000   Number         0  llushr.o ABSOLUTE
    ../clib/microlib/longlong.c              0x00000000   Number         0  llsshr.o ABSOLUTE
    ../clib/microlib/printf/printf.c         0x00000000   Number         0  printfb.o ABSOLUTE
    ../clib/microlib/printf/printf.c         0x00000000   Number         0  printf0.o ABSOLUTE
    ../clib/microlib/printf/printf.c         0x00000000   Number         0  printf1.o ABSOLUTE
    ../clib/microlib/printf/printf.c         0x00000000   Number         0  printf2.o ABSOLUTE
    ../clib/microlib/printf/printf.c         0x00000000   Number         0  printf3.o ABSOLUTE
    ../clib/microlib/printf/printf.c         0x00000000   Number         0  printf4.o ABSOLUTE
    ../clib/microlib/printf/printf.c         0x00000000   Number         0  printf5.o ABSOLUTE
    ../clib/microlib/printf/printf.c         0x00000000   Number         0  printf6.o ABSOLUTE
    ../clib/microlib/printf/printf.c         0x00000000   Number         0  printf7.o ABSOLUTE
    ../clib/microlib/printf/printf.c         0x00000000   Number         0  printf8.o ABSOLUTE
    ../clib/microlib/printf/printf.c         0x00000000   Number         0  printfa.o ABSOLUTE
    ../clib/microlib/printf/stubs.s          0x00000000   Number         0  printfstubs.o ABSOLUTE
    ../clib/microlib/stdio/streams.c         0x00000000   Number         0  stdout.o ABSOLUTE
    ../clib/microlib/string/memcpy.c         0x00000000   Number         0  memcpya.o ABSOLUTE
    ../clib/microlib/string/memcpy.c         0x00000000   Number         0  memcpyb.o ABSOLUTE
    ../clib/microlib/string/memset.c         0x00000000   Number         0  memseta.o ABSOLUTE
    ../clib/microlib/stubs.s                 0x00000000   Number         0  iusefp.o ABSOLUTE
    ../fplib/microlib/fpadd.c                0x00000000   Number         0  dadd.o ABSOLUTE
    ../fplib/microlib/fpdiv.c                0x00000000   Number         0  ddiv.o ABSOLUTE
    ../fplib/microlib/fpepilogue.c           0x00000000   Number         0  depilogue.o ABSOLUTE
    ../fplib/microlib/fpfix.c                0x00000000   Number         0  dfixul.o ABSOLUTE
    ../fplib/microlib/fpmul.c                0x00000000   Number         0  dmul.o ABSOLUTE
    __tagsym$$used.1                         0x00000000   Number         0  startup.o(.fixed_vectors)
    bsp_clocks.c                             0x00000000   Number         0  bsp_clocks.o ABSOLUTE
    bsp_common.c                             0x00000000   Number         0  bsp_common.o ABSOLUTE
    bsp_delay.c                              0x00000000   Number         0  bsp_delay.o ABSOLUTE
    bsp_group_irq.c                          0x00000000   Number         0  bsp_group_irq.o ABSOLUTE
    bsp_guard.c                              0x00000000   Number         0  bsp_guard.o ABSOLUTE
    bsp_io.c                                 0x00000000   Number         0  bsp_io.o ABSOLUTE
    bsp_irq.c                                0x00000000   Number         0  bsp_irq.o ABSOLUTE
    bsp_led.c                                0x00000000   Number         0  bsp_led.o ABSOLUTE
    bsp_macl.c                               0x00000000   Number         0  bsp_macl.o ABSOLUTE
    bsp_register_protection.c                0x00000000   Number         0  bsp_register_protection.o ABSOLUTE
    bsp_rom_registers.c                      0x00000000   Number         0  bsp_rom_registers.o ABSOLUTE
    bsp_sbrk.c                               0x00000000   Number         0  bsp_sbrk.o ABSOLUTE
    bsp_sdram.c                              0x00000000   Number         0  bsp_sdram.o ABSOLUTE
    bsp_security.c                           0x00000000   Number         0  bsp_security.o ABSOLUTE
    bsp_uart_debug.c                         0x00000000   Number         0  bsp_uart_debug.o ABSOLUTE
    cdrcmple.s                               0x00000000   Number         0  cdrcmple.o ABSOLUTE
    common_data.c                            0x00000000   Number         0  common_data.o ABSOLUTE
    dc.s                                     0x00000000   Number         0  dc.o ABSOLUTE
    drv_ibus.c                               0x00000000   Number         0  drv_ibus.o ABSOLUTE
    hal_data.c                               0x00000000   Number         0  hal_data.o ABSOLUTE
    hal_entry.c                              0x00000000   Number         0  hal_entry.o ABSOLUTE
    main.c                                   0x00000000   Number         0  main.o ABSOLUTE
    pin_data.c                               0x00000000   Number         0  pin_data.o ABSOLUTE
    r_dmac.c                                 0x00000000   Number         0  r_dmac.o ABSOLUTE
    r_ioport.c                               0x00000000   Number         0  r_ioport.o ABSOLUTE
    r_sci_uart.c                             0x00000000   Number         0  r_sci_uart.o ABSOLUTE
    startup.c                                0x00000000   Number         0  startup.o ABSOLUTE
    system.c                                 0x00000000   Number         0  system.o ABSOLUTE
    vector_data.c                            0x00000000   Number         0  vector_data.o ABSOLUTE
    __tagsym$$used.0                         0x00000040   Number         0  vector_data.o(.application_vectors)
    .text                                    0x000001c0   Section        0  memcpya.o(.text)
    .text                                    0x000001e4   Section        0  memseta.o(.text)
    .text                                    0x00000208   Section        0  uidiv.o(.text)
    [Anonymous Symbol]                       0x00000234   Section        0  startup.o(.text.Default_Handler)
    [Anonymous Symbol]                       0x00000238   Section        0  bsp_group_irq.o(.text.NMI_Handler)
    [Anonymous Symbol]                       0x0000027c   Section        0  bsp_clocks.o(.text.R_BSP_Init_RTC)
    [Anonymous Symbol]                       0x000002f6   Section        0  bsp_register_protection.o(.text.R_BSP_RegisterProtectDisable)
    [Anonymous Symbol]                       0x00000344   Section        0  bsp_register_protection.o(.text.R_BSP_RegisterProtectEnable)
    [Anonymous Symbol]                       0x00000396   Section        0  bsp_delay.o(.text.R_BSP_SoftwareDelay)
    [Anonymous Symbol]                       0x000003de   Section        0  bsp_clocks.o(.text.R_BSP_SubClockStabilizeWaitAfterReset)
    [Anonymous Symbol]                       0x000003e0   Section        0  hal_entry.o(.text.R_BSP_WarmStart)
    [Anonymous Symbol]                       0x000003fa   Section        0  r_dmac.o(.text.R_DMAC_CallbackSet)
    [Anonymous Symbol]                       0x00000404   Section        0  r_dmac.o(.text.R_DMAC_Close)
    [Anonymous Symbol]                       0x00000460   Section        0  r_dmac.o(.text.R_DMAC_Disable)
    [Anonymous Symbol]                       0x00000488   Section        0  r_dmac.o(.text.R_DMAC_Enable)
    [Anonymous Symbol]                       0x00000492   Section        0  r_dmac.o(.text.R_DMAC_InfoGet)
    [Anonymous Symbol]                       0x000004be   Section        0  r_dmac.o(.text.R_DMAC_Open)
    [Anonymous Symbol]                       0x00000526   Section        0  r_dmac.o(.text.R_DMAC_Reconfigure)
    [Anonymous Symbol]                       0x00000538   Section        0  r_dmac.o(.text.R_DMAC_Reload)
    [Anonymous Symbol]                       0x0000053c   Section        0  r_dmac.o(.text.R_DMAC_Reset)
    [Anonymous Symbol]                       0x000005a0   Section        0  r_dmac.o(.text.R_DMAC_SoftwareStart)
    [Anonymous Symbol]                       0x000005ac   Section        0  r_dmac.o(.text.R_DMAC_SoftwareStop)
    [Anonymous Symbol]                       0x000005b6   Section        0  r_ioport.o(.text.R_IOPORT_Close)
    [Anonymous Symbol]                       0x000005c0   Section        0  r_ioport.o(.text.R_IOPORT_Open)
    [Anonymous Symbol]                       0x000005d6   Section        0  r_ioport.o(.text.R_IOPORT_PinCfg)
    [Anonymous Symbol]                       0x00000688   Section        0  r_ioport.o(.text.R_IOPORT_PinEventInputRead)
    [Anonymous Symbol]                       0x000006b0   Section        0  r_ioport.o(.text.R_IOPORT_PinEventOutputWrite)
    [Anonymous Symbol]                       0x00000702   Section        0  r_ioport.o(.text.R_IOPORT_PinRead)
    [Anonymous Symbol]                       0x00000724   Section        0  r_ioport.o(.text.R_IOPORT_PinWrite)
    [Anonymous Symbol]                       0x0000074c   Section        0  r_ioport.o(.text.R_IOPORT_PinsCfg)
    [Anonymous Symbol]                       0x00000758   Section        0  r_ioport.o(.text.R_IOPORT_PortDirectionSet)
    [Anonymous Symbol]                       0x00000784   Section        0  r_ioport.o(.text.R_IOPORT_PortEventInputRead)
    [Anonymous Symbol]                       0x0000079c   Section        0  r_ioport.o(.text.R_IOPORT_PortEventOutputWrite)
    [Anonymous Symbol]                       0x000007bc   Section        0  r_ioport.o(.text.R_IOPORT_PortRead)
    [Anonymous Symbol]                       0x000007d2   Section        0  r_ioport.o(.text.R_IOPORT_PortWrite)
    [Anonymous Symbol]                       0x000007f2   Section        0  r_sci_uart.o(.text.R_SCI_UART_Abort)
    [Anonymous Symbol]                       0x00000842   Section        0  r_sci_uart.o(.text.R_SCI_UART_BaudSet)
    [Anonymous Symbol]                       0x000008aa   Section        0  r_sci_uart.o(.text.R_SCI_UART_CallbackSet)
    [Anonymous Symbol]                       0x000008b8   Section        0  r_sci_uart.o(.text.R_SCI_UART_Close)
    [Anonymous Symbol]                       0x00000980   Section        0  r_sci_uart.o(.text.R_SCI_UART_InfoGet)
    [Anonymous Symbol]                       0x000009a4   Section        0  r_sci_uart.o(.text.R_SCI_UART_Open)
    [Anonymous Symbol]                       0x00000d28   Section        0  r_sci_uart.o(.text.R_SCI_UART_Read)
    [Anonymous Symbol]                       0x00000d5e   Section        0  r_sci_uart.o(.text.R_SCI_UART_ReadStop)
    [Anonymous Symbol]                       0x00000d98   Section        0  r_sci_uart.o(.text.R_SCI_UART_Write)
    [Anonymous Symbol]                       0x00000e08   Section        0  startup.o(.text.Reset_Handler)
    [Anonymous Symbol]                       0x00000e12   Section        0  bsp_clocks.o(.text.SystemCoreClockUpdate)
    [Anonymous Symbol]                       0x00000e40   Section        0  system.o(.text.SystemInit)
    [Anonymous Symbol]                       0x00000f30   Section        0  bsp_common.o(.text.__aeabi_assert)
    [Anonymous Symbol]                       0x00000f38   Section        0  bsp_clocks.o(.text.bsp_clock_init)
    [Anonymous Symbol]                       0x00001062   Section        0  bsp_common.o(.text.bsp_init_internal)
    [Anonymous Symbol]                       0x00001064   Section        0  bsp_irq.o(.text.bsp_irq_cfg)
    sw_delay_loop                            0x000010fa   Number         0  bsp_delay.o(.text.bsp_prv_software_delay_loop)
    [Anonymous Symbol]                       0x000010fa   Section        0  bsp_delay.o(.text.bsp_prv_software_delay_loop)
    bsp_vbatt_init                           0x00001105   Thumb Code   204  r_ioport.o(.text.bsp_vbatt_init)
    [Anonymous Symbol]                       0x00001104   Section        0  r_ioport.o(.text.bsp_vbatt_init)
    g_vbatt_pins_input                       0x000011d0   Number         0  r_ioport.o(.text.bsp_vbatt_init)
    [Anonymous Symbol]                       0x000011dc   Section        0  drv_ibus.o(.text.channel_print)
    [Anonymous Symbol]                       0x0000127c   Section        0  r_dmac.o(.text.dmac_int_isr)
    [Anonymous Symbol]                       0x000012c4   Section        0  drv_ibus.o(.text.dmac_sci2_rx_callback)
    [Anonymous Symbol]                       0x00001344   Section        0  bsp_uart_debug.o(.text.fputc)
    [Anonymous Symbol]                       0x00001374   Section        0  hal_entry.o(.text.hal_entry)
    [Anonymous Symbol]                       0x00001394   Section        0  drv_ibus.o(.text.ibus_init)
    [Anonymous Symbol]                       0x00001438   Section        0  drv_ibus.o(.text.ibus_unpack)
    [Anonymous Symbol]                       0x000014de   Section        0  bsp_led.o(.text.led_twinkling)
    [Anonymous Symbol]                       0x0000152e   Section        0  main.o(.text.main)
    r_dmac_config_transfer_info              0x00001539   Thumb Code   396  r_dmac.o(.text.r_dmac_config_transfer_info)
    [Anonymous Symbol]                       0x00001538   Section        0  r_dmac.o(.text.r_dmac_config_transfer_info)
    r_ioport_pins_config                     0x000016c5   Thumb Code   196  r_ioport.o(.text.r_ioport_pins_config)
    [Anonymous Symbol]                       0x000016c4   Section        0  r_ioport.o(.text.r_ioport_pins_config)
    r_sci_uart_call_callback                 0x00001789   Thumb Code    64  r_sci_uart.o(.text.r_sci_uart_call_callback)
    [Anonymous Symbol]                       0x00001788   Section        0  r_sci_uart.o(.text.r_sci_uart_call_callback)
    r_sci_uart_transfer_configure            0x000017c9   Thumb Code    56  r_sci_uart.o(.text.r_sci_uart_transfer_configure)
    [Anonymous Symbol]                       0x000017c8   Section        0  r_sci_uart.o(.text.r_sci_uart_transfer_configure)
    [Anonymous Symbol]                       0x00001800   Section        0  r_sci_uart.o(.text.sci_uart_eri_isr)
    [Anonymous Symbol]                       0x0000186a   Section        0  r_sci_uart.o(.text.sci_uart_rxi_isr)
    [Anonymous Symbol]                       0x00001910   Section        0  r_sci_uart.o(.text.sci_uart_tei_isr)
    [Anonymous Symbol]                       0x0000195a   Section        0  r_sci_uart.o(.text.sci_uart_txi_isr)
    [Anonymous Symbol]                       0x000019e4   Section        0  bsp_uart_debug.o(.text.uart0_debug_callback)
    [Anonymous Symbol]                       0x000019fc   Section        0  bsp_uart_debug.o(.text.uart_debug_init)
    i.__0printf$1                            0x00001a48   Section        0  printf1.o(i.__0printf$1)
    _printf_core                             0x00001a69   Thumb Code   336  printf1.o(i._printf_core)
    i._printf_core                           0x00001a68   Section        0  printf1.o(i._printf_core)
    g_prcr_masks                             0x00001bbc   Data           8  bsp_register_protection.o(.rodata.cst8)
    [Anonymous Symbol]                       0x00001bbc   Section        0  bsp_register_protection.o(.rodata.cst8)
    __tagsym$$used.1                         0x00001f68   Number         0  bsp_security.o(.rodata.gp_start_of_nonsecure_callable_flash)
    __tagsym$$used.4                         0x00001f6c   Number         0  bsp_security.o(.rodata.gp_start_of_nonsecure_callable_ram)
    __tagsym$$used.6                         0x00001f70   Number         0  bsp_security.o(.rodata.gp_start_of_nonsecure_data_flash)
    __tagsym$$used.0                         0x00001f74   Number         0  bsp_security.o(.rodata.gp_start_of_nonsecure_flash)
    __tagsym$$used.3                         0x00001f78   Number         0  bsp_security.o(.rodata.gp_start_of_nonsecure_ram)
    __tagsym$$used.7                         0x00001f7c   Number         0  bsp_security.o(.rodata.gp_start_of_secure_data_flash)
    __tagsym$$used.2                         0x00001f80   Number         0  bsp_security.o(.rodata.gp_start_of_secure_flash)
    __tagsym$$used.5                         0x00001f84   Number         0  bsp_security.o(.rodata.gp_start_of_secure_ram)
    .L.str.1                                 0x00001f88   Data          15  drv_ibus.o(.rodata.str1.1)
    [Anonymous Symbol]                       0x00001f88   Section        0  drv_ibus.o(.rodata.str1.1)
    .L.str                                   0x00001f97   Data          19  drv_ibus.o(.rodata.str1.1)
    __tagsym$$used.0                         0x00001fac   Number         0  bsp_common.o(.version)
    g_fsp_version                            0x00001fac   Data           4  bsp_common.o(.version)
    [Anonymous Symbol]                       0x00001fac   Section        0  bsp_common.o(.version)
    __tagsym$$used.1                         0x00001fb0   Number         0  bsp_common.o(.version)
    g_fsp_version_string                     0x00001fb0   Data           6  bsp_common.o(.version)
    [Anonymous Symbol]                       0x00001fb0   Section        0  bsp_common.o(.version)
    __tagsym$$used.2                         0x00001fb6   Number         0  bsp_common.o(.version)
    g_fsp_version_build_string               0x00001fb6   Data          68  bsp_common.o(.version)
    [Anonymous Symbol]                       0x00001fb6   Section        0  bsp_common.o(.version)
    __tagsym$$used.0                         0x0100a100   Number         0  bsp_rom_registers.o(.option_setting_ofs0)
    g_bsp_rom_ofs0                           0x0100a100   Data           4  bsp_rom_registers.o(.option_setting_ofs0)
    [Anonymous Symbol]                       0x0100a100   Section        0  bsp_rom_registers.o(.option_setting_ofs0)
    __tagsym$$used.1                         0x0100a134   Number         0  bsp_rom_registers.o(.option_setting_sas)
    g_bsp_rom_sas                            0x0100a134   Data           4  bsp_rom_registers.o(.option_setting_sas)
    [Anonymous Symbol]                       0x0100a134   Section        0  bsp_rom_registers.o(.option_setting_sas)
    __tagsym$$used.2                         0x0100a200   Number         0  bsp_rom_registers.o(.option_setting_ofs1_sec)
    g_bsp_rom_ofs1_sec                       0x0100a200   Data           4  bsp_rom_registers.o(.option_setting_ofs1_sec)
    [Anonymous Symbol]                       0x0100a200   Section        0  bsp_rom_registers.o(.option_setting_ofs1_sec)
    __tagsym$$used.3                         0x0100a210   Number         0  bsp_rom_registers.o(.option_setting_banksel_sec)
    g_bsp_rom_banksel_sec                    0x0100a210   Data           4  bsp_rom_registers.o(.option_setting_banksel_sec)
    [Anonymous Symbol]                       0x0100a210   Section        0  bsp_rom_registers.o(.option_setting_banksel_sec)
    __tagsym$$used.4                         0x0100a240   Number         0  bsp_rom_registers.o(.option_setting_bps_sec0)
    g_bsp_rom_bps_sec0                       0x0100a240   Data           4  bsp_rom_registers.o(.option_setting_bps_sec0)
    [Anonymous Symbol]                       0x0100a240   Section        0  bsp_rom_registers.o(.option_setting_bps_sec0)
    __tagsym$$used.5                         0x0100a244   Number         0  bsp_rom_registers.o(.option_setting_bps_sec1)
    g_bsp_rom_bps_sec1                       0x0100a244   Data           4  bsp_rom_registers.o(.option_setting_bps_sec1)
    [Anonymous Symbol]                       0x0100a244   Section        0  bsp_rom_registers.o(.option_setting_bps_sec1)
    __tagsym$$used.6                         0x0100a248   Number         0  bsp_rom_registers.o(.option_setting_bps_sec2)
    g_bsp_rom_bps_sec2                       0x0100a248   Data           4  bsp_rom_registers.o(.option_setting_bps_sec2)
    [Anonymous Symbol]                       0x0100a248   Section        0  bsp_rom_registers.o(.option_setting_bps_sec2)
    __tagsym$$used.7                         0x0100a24c   Number         0  bsp_rom_registers.o(.option_setting_bps_sec3)
    g_bsp_rom_bps_sec3                       0x0100a24c   Data           4  bsp_rom_registers.o(.option_setting_bps_sec3)
    [Anonymous Symbol]                       0x0100a24c   Section        0  bsp_rom_registers.o(.option_setting_bps_sec3)
    __tagsym$$used.8                         0x0100a260   Number         0  bsp_rom_registers.o(.option_setting_pbps_sec0)
    g_bsp_rom_pbps_sec0                      0x0100a260   Data           4  bsp_rom_registers.o(.option_setting_pbps_sec0)
    [Anonymous Symbol]                       0x0100a260   Section        0  bsp_rom_registers.o(.option_setting_pbps_sec0)
    __tagsym$$used.9                         0x0100a264   Number         0  bsp_rom_registers.o(.option_setting_pbps_sec1)
    g_bsp_rom_pbps_sec1                      0x0100a264   Data           4  bsp_rom_registers.o(.option_setting_pbps_sec1)
    [Anonymous Symbol]                       0x0100a264   Section        0  bsp_rom_registers.o(.option_setting_pbps_sec1)
    __tagsym$$used.10                        0x0100a268   Number         0  bsp_rom_registers.o(.option_setting_pbps_sec2)
    g_bsp_rom_pbps_sec2                      0x0100a268   Data           4  bsp_rom_registers.o(.option_setting_pbps_sec2)
    [Anonymous Symbol]                       0x0100a268   Section        0  bsp_rom_registers.o(.option_setting_pbps_sec2)
    __tagsym$$used.11                        0x0100a26c   Number         0  bsp_rom_registers.o(.option_setting_pbps_sec3)
    g_bsp_rom_pbps_sec3                      0x0100a26c   Data           4  bsp_rom_registers.o(.option_setting_pbps_sec3)
    [Anonymous Symbol]                       0x0100a26c   Section        0  bsp_rom_registers.o(.option_setting_pbps_sec3)
    __tagsym$$used.12                        0x0100a280   Number         0  bsp_rom_registers.o(.option_setting_ofs1_sel)
    g_bsp_rom_ofs1_sel                       0x0100a280   Data           4  bsp_rom_registers.o(.option_setting_ofs1_sel)
    [Anonymous Symbol]                       0x0100a280   Section        0  bsp_rom_registers.o(.option_setting_ofs1_sel)
    __tagsym$$used.13                        0x0100a2c0   Number         0  bsp_rom_registers.o(.option_setting_bps_sel0)
    g_bsp_rom_bps_sel0                       0x0100a2c0   Data           4  bsp_rom_registers.o(.option_setting_bps_sel0)
    [Anonymous Symbol]                       0x0100a2c0   Section        0  bsp_rom_registers.o(.option_setting_bps_sel0)
    __tagsym$$used.14                        0x0100a2c4   Number         0  bsp_rom_registers.o(.option_setting_bps_sel1)
    g_bsp_rom_bps_sel1                       0x0100a2c4   Data           4  bsp_rom_registers.o(.option_setting_bps_sel1)
    [Anonymous Symbol]                       0x0100a2c4   Section        0  bsp_rom_registers.o(.option_setting_bps_sel1)
    __tagsym$$used.15                        0x0100a2c8   Number         0  bsp_rom_registers.o(.option_setting_bps_sel2)
    g_bsp_rom_bps_sel2                       0x0100a2c8   Data           4  bsp_rom_registers.o(.option_setting_bps_sel2)
    [Anonymous Symbol]                       0x0100a2c8   Section        0  bsp_rom_registers.o(.option_setting_bps_sel2)
    __tagsym$$used.16                        0x0100a2cc   Number         0  bsp_rom_registers.o(.option_setting_bps_sel3)
    g_bsp_rom_bps_sel3                       0x0100a2cc   Data           4  bsp_rom_registers.o(.option_setting_bps_sel3)
    [Anonymous Symbol]                       0x0100a2cc   Section        0  bsp_rom_registers.o(.option_setting_bps_sel3)
    .data                                    0x20000000   Section        4  stdout.o(.data)
    rx_buffer                                0x2000027c   Data          32  drv_ibus.o(.bss.rx_buffer)
    [Anonymous Symbol]                       0x2000027c   Section        0  drv_ibus.o(.bss.rx_buffer)
    rx_buffer_from_dma                       0x2000029c   Data          64  drv_ibus.o(.bss.rx_buffer_from_dma)
    [Anonymous Symbol]                       0x2000029c   Section        0  drv_ibus.o(.bss.rx_buffer_from_dma)
    rx_buffer_initial_find                   0x200002dc   Data          64  drv_ibus.o(.bss.rx_buffer_initial_find)
    [Anonymous Symbol]                       0x200002dc   Section        0  drv_ibus.o(.bss.rx_buffer_initial_find)
    __tagsym$$used.0                         0x20000320   Number         0  bsp_clocks.o(.bss.noinit)
    g_clock_freq                             0x20000320   Data          28  bsp_clocks.o(.bss.noinit)
    [Anonymous Symbol]                       0x20000320   Section        0  bsp_clocks.o(.bss.noinit)
    __tagsym$$used.0                         0x20000340   Number         0  startup.o(.bss.stack)
    g_main_stack                             0x20000340   Data        1024  startup.o(.bss.stack)
    [Anonymous Symbol]                       0x20000340   Section        0  startup.o(.bss.stack)

    Global Symbols

    Symbol Name                              Value     Ov Type        Size  Object(Section)

    BuildAttributes$$THM_ISAv4$E$P$D$K$B$S$7EM$8M$VFPi5$EXTD16$VFPS$VFMA$PE$A:L22UL41UL21$X:L11$S22US41US21$IEEE1$IW$USESV6$~STKCKD$USESV7$WCHAR32$ENUMINT$~SHL$OSPACE$ROPI$MICROLIB$REQ8$PRES8$EABIv2 0x00000000   Number         0  anon$$obj.o ABSOLUTE
    Image$$__tz_FLASH_S$$Base                0x00000000   Number         0  anon$$obj.o ABSOLUTE
    __Vectors                                0x00000000   Data          64  startup.o(.fixed_vectors)
    _printf_a                                0x00000000   Number         0  printfstubs.o ABSOLUTE
    _printf_c                                0x00000000   Number         0  printfstubs.o ABSOLUTE
    _printf_charcount                        0x00000000   Number         0  printfstubs.o ABSOLUTE
    _printf_d                                0x00000000   Number         0  printfstubs.o ABSOLUTE
    _printf_e                                0x00000000   Number         0  printfstubs.o ABSOLUTE
    _printf_f                                0x00000000   Number         0  printfstubs.o ABSOLUTE
    _printf_flags                            0x00000000   Number         0  printfstubs.o ABSOLUTE
    _printf_fp_dec                           0x00000000   Number         0  printfstubs.o ABSOLUTE
    _printf_fp_hex                           0x00000000   Number         0  printfstubs.o ABSOLUTE
    _printf_g                                0x00000000   Number         0  printfstubs.o ABSOLUTE
    _printf_i                                0x00000000   Number         0  printfstubs.o ABSOLUTE
    _printf_int_dec                          0x00000000   Number         0  printfstubs.o ABSOLUTE
    _printf_l                                0x00000000   Number         0  printfstubs.o ABSOLUTE
    _printf_lc                               0x00000000   Number         0  printfstubs.o ABSOLUTE
    _printf_ll                               0x00000000   Number         0  printfstubs.o ABSOLUTE
    _printf_lld                              0x00000000   Number         0  printfstubs.o ABSOLUTE
    _printf_lli                              0x00000000   Number         0  printfstubs.o ABSOLUTE
    _printf_llo                              0x00000000   Number         0  printfstubs.o ABSOLUTE
    _printf_llu                              0x00000000   Number         0  printfstubs.o ABSOLUTE
    _printf_llx                              0x00000000   Number         0  printfstubs.o ABSOLUTE
    _printf_longlong_dec                     0x00000000   Number         0  printfstubs.o ABSOLUTE
    _printf_longlong_hex                     0x00000000   Number         0  printfstubs.o ABSOLUTE
    _printf_longlong_oct                     0x00000000   Number         0  printfstubs.o ABSOLUTE
    _printf_ls                               0x00000000   Number         0  printfstubs.o ABSOLUTE
    _printf_mbtowc                           0x00000000   Number         0  printfstubs.o ABSOLUTE
    _printf_n                                0x00000000   Number         0  printfstubs.o ABSOLUTE
    _printf_o                                0x00000000   Number         0  printfstubs.o ABSOLUTE
    _printf_p                                0x00000000   Number         0  printfstubs.o ABSOLUTE
    _printf_percent                          0x00000000   Number         0  printfstubs.o ABSOLUTE
    _printf_pre_padding                      0x00000000   Number         0  printfstubs.o ABSOLUTE
    _printf_return_value                     0x00000000   Number         0  printfstubs.o ABSOLUTE
    _printf_s                                0x00000000   Number         0  printfstubs.o ABSOLUTE
    _printf_sizespec                         0x00000000   Number         0  printfstubs.o ABSOLUTE
    _printf_str                              0x00000000   Number         0  printfstubs.o ABSOLUTE
    _printf_truncate_signed                  0x00000000   Number         0  printfstubs.o ABSOLUTE
    _printf_truncate_unsigned                0x00000000   Number         0  printfstubs.o ABSOLUTE
    _printf_u                                0x00000000   Number         0  printfstubs.o ABSOLUTE
    _printf_wc                               0x00000000   Number         0  printfstubs.o ABSOLUTE
    _printf_wctomb                           0x00000000   Number         0  printfstubs.o ABSOLUTE
    _printf_widthprec                        0x00000000   Number         0  printfstubs.o ABSOLUTE
    _printf_x                                0x00000000   Number         0  printfstubs.o ABSOLUTE
    Image$$DATA$$Length                      0x0000001c   Number         0  anon$$obj.o ABSOLUTE
    g_vector_table                           0x00000040   Data         384  vector_data.o(.application_vectors)
    Image$$INIT_ARRAY$$Base                  0x000001c0   Number         0  anon$$obj.o ABSOLUTE
    Image$$INIT_ARRAY$$Limit                 0x000001c0   Number         0  anon$$obj.o ABSOLUTE
    __aeabi_memcpy                           0x000001c1   Thumb Code    36  memcpya.o(.text)
    __aeabi_memcpy4                          0x000001c1   Thumb Code     0  memcpya.o(.text)
    __aeabi_memcpy8                          0x000001c1   Thumb Code     0  memcpya.o(.text)
    __aeabi_memset                           0x000001e5   Thumb Code    14  memseta.o(.text)
    __aeabi_memset4                          0x000001e5   Thumb Code     0  memseta.o(.text)
    __aeabi_memset8                          0x000001e5   Thumb Code     0  memseta.o(.text)
    __aeabi_memclr                           0x000001f3   Thumb Code     4  memseta.o(.text)
    __aeabi_memclr4                          0x000001f3   Thumb Code     0  memseta.o(.text)
    __aeabi_memclr8                          0x000001f3   Thumb Code     0  memseta.o(.text)
    _memset$wrapper                          0x000001f7   Thumb Code    18  memseta.o(.text)
    __aeabi_uidiv                            0x00000209   Thumb Code     0  uidiv.o(.text)
    __aeabi_uidivmod                         0x00000209   Thumb Code    44  uidiv.o(.text)
    BusFault_Handler                         0x00000235   Thumb Code     4  startup.o(.text.Default_Handler)
    DebugMon_Handler                         0x00000235   Thumb Code     4  startup.o(.text.Default_Handler)
    Default_Handler                          0x00000235   Thumb Code     4  startup.o(.text.Default_Handler)
    HardFault_Handler                        0x00000235   Thumb Code     4  startup.o(.text.Default_Handler)
    MemManage_Handler                        0x00000235   Thumb Code     4  startup.o(.text.Default_Handler)
    PendSV_Handler                           0x00000235   Thumb Code     4  startup.o(.text.Default_Handler)
    SVC_Handler                              0x00000235   Thumb Code     4  startup.o(.text.Default_Handler)
    SecureFault_Handler                      0x00000235   Thumb Code     4  startup.o(.text.Default_Handler)
    SysTick_Handler                          0x00000235   Thumb Code     4  startup.o(.text.Default_Handler)
    UsageFault_Handler                       0x00000235   Thumb Code     4  startup.o(.text.Default_Handler)
    NMI_Handler                              0x00000239   Thumb Code    68  bsp_group_irq.o(.text.NMI_Handler)
    R_BSP_Init_RTC                           0x0000027d   Thumb Code   122  bsp_clocks.o(.text.R_BSP_Init_RTC)
    R_BSP_RegisterProtectDisable             0x000002f7   Thumb Code    78  bsp_register_protection.o(.text.R_BSP_RegisterProtectDisable)
    Image$$BSS$$ZI$$Length                   0x00000304   Number         0  anon$$obj.o ABSOLUTE
    R_BSP_RegisterProtectEnable              0x00000345   Thumb Code    82  bsp_register_protection.o(.text.R_BSP_RegisterProtectEnable)
    R_BSP_SoftwareDelay                      0x00000397   Thumb Code    72  bsp_delay.o(.text.R_BSP_SoftwareDelay)
    R_BSP_SubClockStabilizeWaitAfterReset    0x000003df   Thumb Code     2  bsp_clocks.o(.text.R_BSP_SubClockStabilizeWaitAfterReset)
    R_BSP_WarmStart                          0x000003e1   Thumb Code    26  hal_entry.o(.text.R_BSP_WarmStart)
    R_DMAC_CallbackSet                       0x000003fb   Thumb Code    10  r_dmac.o(.text.R_DMAC_CallbackSet)
    R_DMAC_Close                             0x00000405   Thumb Code    92  r_dmac.o(.text.R_DMAC_Close)
    R_DMAC_Disable                           0x00000461   Thumb Code    40  r_dmac.o(.text.R_DMAC_Disable)
    R_DMAC_Enable                            0x00000489   Thumb Code    10  r_dmac.o(.text.R_DMAC_Enable)
    R_DMAC_InfoGet                           0x00000493   Thumb Code    44  r_dmac.o(.text.R_DMAC_InfoGet)
    R_DMAC_Open                              0x000004bf   Thumb Code   104  r_dmac.o(.text.R_DMAC_Open)
    R_DMAC_Reconfigure                       0x00000527   Thumb Code    18  r_dmac.o(.text.R_DMAC_Reconfigure)
    R_DMAC_Reload                            0x00000539   Thumb Code     4  r_dmac.o(.text.R_DMAC_Reload)
    R_DMAC_Reset                             0x0000053d   Thumb Code   100  r_dmac.o(.text.R_DMAC_Reset)
    R_DMAC_SoftwareStart                     0x000005a1   Thumb Code    12  r_dmac.o(.text.R_DMAC_SoftwareStart)
    R_DMAC_SoftwareStop                      0x000005ad   Thumb Code    10  r_dmac.o(.text.R_DMAC_SoftwareStop)
    R_IOPORT_Close                           0x000005b7   Thumb Code    10  r_ioport.o(.text.R_IOPORT_Close)
    R_IOPORT_Open                            0x000005c1   Thumb Code    22  r_ioport.o(.text.R_IOPORT_Open)
    R_IOPORT_PinCfg                          0x000005d7   Thumb Code   178  r_ioport.o(.text.R_IOPORT_PinCfg)
    R_IOPORT_PinEventInputRead               0x00000689   Thumb Code    40  r_ioport.o(.text.R_IOPORT_PinEventInputRead)
    R_IOPORT_PinEventOutputWrite             0x000006b1   Thumb Code    82  r_ioport.o(.text.R_IOPORT_PinEventOutputWrite)
    R_IOPORT_PinRead                         0x00000703   Thumb Code    34  r_ioport.o(.text.R_IOPORT_PinRead)
    R_IOPORT_PinWrite                        0x00000725   Thumb Code    40  r_ioport.o(.text.R_IOPORT_PinWrite)
    R_IOPORT_PinsCfg                         0x0000074d   Thumb Code    12  r_ioport.o(.text.R_IOPORT_PinsCfg)
    R_IOPORT_PortDirectionSet                0x00000759   Thumb Code    44  r_ioport.o(.text.R_IOPORT_PortDirectionSet)
    R_IOPORT_PortEventInputRead              0x00000785   Thumb Code    24  r_ioport.o(.text.R_IOPORT_PortEventInputRead)
    R_IOPORT_PortEventOutputWrite            0x0000079d   Thumb Code    32  r_ioport.o(.text.R_IOPORT_PortEventOutputWrite)
    R_IOPORT_PortRead                        0x000007bd   Thumb Code    22  r_ioport.o(.text.R_IOPORT_PortRead)
    R_IOPORT_PortWrite                       0x000007d3   Thumb Code    32  r_ioport.o(.text.R_IOPORT_PortWrite)
    R_SCI_UART_Abort                         0x000007f3   Thumb Code    80  r_sci_uart.o(.text.R_SCI_UART_Abort)
    R_SCI_UART_BaudSet                       0x00000843   Thumb Code   104  r_sci_uart.o(.text.R_SCI_UART_BaudSet)
    R_SCI_UART_CallbackSet                   0x000008ab   Thumb Code    14  r_sci_uart.o(.text.R_SCI_UART_CallbackSet)
    R_SCI_UART_Close                         0x000008b9   Thumb Code   200  r_sci_uart.o(.text.R_SCI_UART_Close)
    R_SCI_UART_InfoGet                       0x00000981   Thumb Code    36  r_sci_uart.o(.text.R_SCI_UART_InfoGet)
    R_SCI_UART_Open                          0x000009a5   Thumb Code   900  r_sci_uart.o(.text.R_SCI_UART_Open)
    R_SCI_UART_Read                          0x00000d29   Thumb Code    54  r_sci_uart.o(.text.R_SCI_UART_Read)
    R_SCI_UART_ReadStop                      0x00000d5f   Thumb Code    58  r_sci_uart.o(.text.R_SCI_UART_ReadStop)
    R_SCI_UART_Write                         0x00000d99   Thumb Code   112  r_sci_uart.o(.text.R_SCI_UART_Write)
    Reset_Handler                            0x00000e09   Thumb Code    10  startup.o(.text.Reset_Handler)
    SystemCoreClockUpdate                    0x00000e13   Thumb Code    44  bsp_clocks.o(.text.SystemCoreClockUpdate)
    SystemInit                               0x00000e41   Thumb Code   240  system.o(.text.SystemInit)
    __aeabi_assert                           0x00000f31   Thumb Code     6  bsp_common.o(.text.__aeabi_assert)
    bsp_clock_init                           0x00000f39   Thumb Code   298  bsp_clocks.o(.text.bsp_clock_init)
    bsp_init                                 0x00001063   Thumb Code     2  bsp_common.o(.text.bsp_init_internal)
    bsp_init_internal                        0x00001063   Thumb Code     2  bsp_common.o(.text.bsp_init_internal)
    bsp_irq_cfg                              0x00001065   Thumb Code   150  bsp_irq.o(.text.bsp_irq_cfg)
    bsp_prv_software_delay_loop              0x000010fb   Thumb Code     8  bsp_delay.o(.text.bsp_prv_software_delay_loop)
    channel_print                            0x000011dd   Thumb Code    64  drv_ibus.o(.text.channel_print)
    dmac_int_isr                             0x0000127d   Thumb Code    72  r_dmac.o(.text.dmac_int_isr)
    dmac_sci2_rx_callback                    0x000012c5   Thumb Code   126  drv_ibus.o(.text.dmac_sci2_rx_callback)
    fputc                                    0x00001345   Thumb Code    48  bsp_uart_debug.o(.text.fputc)
    hal_entry                                0x00001375   Thumb Code    32  hal_entry.o(.text.hal_entry)
    ibus_init                                0x00001395   Thumb Code   164  drv_ibus.o(.text.ibus_init)
    ibus_unpack                              0x00001439   Thumb Code   166  drv_ibus.o(.text.ibus_unpack)
    led_twinkling                            0x000014df   Thumb Code    80  bsp_led.o(.text.led_twinkling)
    main                                     0x0000152f   Thumb Code    10  main.o(.text.main)
    sci_uart_eri_isr                         0x00001801   Thumb Code   106  r_sci_uart.o(.text.sci_uart_eri_isr)
    sci_uart_rxi_isr                         0x0000186b   Thumb Code   166  r_sci_uart.o(.text.sci_uart_rxi_isr)
    sci_uart_tei_isr                         0x00001911   Thumb Code    74  r_sci_uart.o(.text.sci_uart_tei_isr)
    sci_uart_txi_isr                         0x0000195b   Thumb Code   138  r_sci_uart.o(.text.sci_uart_txi_isr)
    uart0_debug_callback                     0x000019e5   Thumb Code    22  bsp_uart_debug.o(.text.uart0_debug_callback)
    uart_debug_init                          0x000019fd   Thumb Code    32  bsp_uart_debug.o(.text.uart_debug_init)
    __0printf$1                              0x00001a49   Thumb Code    22  printf1.o(i.__0printf$1)
    __1printf$1                              0x00001a49   Thumb Code     0  printf1.o(i.__0printf$1)
    __2printf                                0x00001a49   Thumb Code     0  printf1.o(i.__0printf$1)
    g_bsp_pin_cfg                            0x00001bc4   Data          12  pin_data.o(.rodata.g_bsp_pin_cfg)
    g_bsp_pin_cfg_data                       0x00001bd0   Data          88  pin_data.o(.rodata.g_bsp_pin_cfg_data)
    g_interrupt_event_link_select            0x00001c28   Data         384  vector_data.o(.rodata.g_interrupt_event_link_select)
    g_ioport                                 0x00001da8   Data          12  common_data.o(.rodata.g_ioport)
    g_ioport_on_ioport                       0x00001db4   Data          52  r_ioport.o(.rodata.g_ioport_on_ioport)
    g_transfer_dmac_sci2_rx                  0x00001de8   Data          12  hal_data.o(.rodata.g_transfer_dmac_sci2_rx)
    g_transfer_dmac_sci2_rx_cfg              0x00001df4   Data           8  hal_data.o(.rodata.g_transfer_dmac_sci2_rx_cfg)
    g_transfer_dmac_sci2_rx_extend           0x00001dfc   Data          36  hal_data.o(.rodata.g_transfer_dmac_sci2_rx_extend)
    g_transfer_on_dmac                       0x00001e20   Data          44  r_dmac.o(.rodata.g_transfer_on_dmac)
    g_uart0_debug                            0x00001e4c   Data          12  hal_data.o(.rodata.g_uart0_debug)
    g_uart0_debug_cfg                        0x00001e58   Data          68  hal_data.o(.rodata.g_uart0_debug_cfg)
    g_uart0_debug_cfg_extend                 0x00001e9c   Data          44  hal_data.o(.rodata.g_uart0_debug_cfg_extend)
    g_uart2_ibus                             0x00001ec8   Data          12  hal_data.o(.rodata.g_uart2_ibus)
    g_uart2_ibus_cfg                         0x00001ed4   Data          68  hal_data.o(.rodata.g_uart2_ibus_cfg)
    g_uart2_ibus_cfg_extend                  0x00001f18   Data          44  hal_data.o(.rodata.g_uart2_ibus_cfg_extend)
    g_uart_on_sci                            0x00001f44   Data          36  r_sci_uart.o(.rodata.g_uart_on_sci)
    gp_start_of_nonsecure_callable_flash     0x00001f68   Data           4  bsp_security.o(.rodata.gp_start_of_nonsecure_callable_flash)
    gp_start_of_nonsecure_callable_ram       0x00001f6c   Data           4  bsp_security.o(.rodata.gp_start_of_nonsecure_callable_ram)
    gp_start_of_nonsecure_data_flash         0x00001f70   Data           4  bsp_security.o(.rodata.gp_start_of_nonsecure_data_flash)
    gp_start_of_nonsecure_flash              0x00001f74   Data           4  bsp_security.o(.rodata.gp_start_of_nonsecure_flash)
    gp_start_of_nonsecure_ram                0x00001f78   Data           4  bsp_security.o(.rodata.gp_start_of_nonsecure_ram)
    gp_start_of_secure_data_flash            0x00001f7c   Data           4  bsp_security.o(.rodata.gp_start_of_secure_data_flash)
    gp_start_of_secure_flash                 0x00001f80   Data           4  bsp_security.o(.rodata.gp_start_of_secure_flash)
    gp_start_of_secure_ram                   0x00001f84   Data           4  bsp_security.o(.rodata.gp_start_of_secure_ram)
    Load$$DATA$$Base                         0x00001ffc   Number         0  anon$$obj.o ABSOLUTE
    Image$$__tz_FLASH_C$$Base                0x00002800   Number         0  anon$$obj.o ABSOLUTE
    Image$$__tz_FLASH_N$$Base                0x00008000   Number         0  anon$$obj.o ABSOLUTE
    Image$$__tz_DATA_FLASH_N$$Base           0x08000000   Number         0  anon$$obj.o ABSOLUTE
    Image$$__tz_DATA_FLASH_S$$Base           0x08000000   Number         0  anon$$obj.o ABSOLUTE
    Image$$DATA$$Base                        0x20000000   Number         0  anon$$obj.o ABSOLUTE
    Image$$__tz_RAM_S$$Base                  0x20000000   Number         0  anon$$obj.o ABSOLUTE
    __stdout                                 0x20000000   Data           4  stdout.o(.data)
    g_transfer_dmac_sci2_rx_info             0x20000004   Data          16  hal_data.o(.data.g_transfer_dmac_sci2_rx_info)
    g_uart0_debug_baud_setting               0x20000014   Data           4  hal_data.o(.data.g_uart0_debug_baud_setting)
    g_uart2_ibus_baud_setting                0x20000018   Data           4  hal_data.o(.data.g_uart2_ibus_baud_setting)
    Image$$BSS$$ZI$$Base                     0x2000001c   Number         0  anon$$obj.o ABSOLUTE
    SystemCoreClock                          0x2000001c   Data           4  system.o(.bss.SystemCoreClock)
    channel                                  0x20000020   Data          12  drv_ibus.o(.bss.channel)
    g_bsp_group_irq_sources                  0x2000002c   Data          56  bsp_group_irq.o(.bss.g_bsp_group_irq_sources)
    g_ioport_ctrl                            0x20000064   Data           8  common_data.o(.bss.g_ioport_ctrl)
    g_protect_counters                       0x2000006c   Data           8  bsp_register_protection.o(.bss.g_protect_counters)
    g_protect_pfswe_counter                  0x20000074   Data           4  bsp_io.o(.bss.g_protect_pfswe_counter)
    g_transfer_dmac_sci2_rx_ctrl             0x20000078   Data          24  hal_data.o(.bss.g_transfer_dmac_sci2_rx_ctrl)
    g_uart0_debug_ctrl                       0x20000090   Data          48  hal_data.o(.bss.g_uart0_debug_ctrl)
    g_uart2_ibus_ctrl                        0x200000c0   Data          48  hal_data.o(.bss.g_uart2_ibus_ctrl)
    gp_renesas_isr_context                   0x200000f0   Data         384  bsp_irq.o(.bss.gp_renesas_isr_context)
    rc_data                                  0x20000270   Data          12  drv_ibus.o(.bss.rc_data)
    uart_send_complete_flag                  0x2000031c   Data           1  bsp_uart_debug.o(.bss.uart_send_complete_flag)
    Image$$__tz_RAM_C$$Base                  0x20020000   Number         0  anon$$obj.o ABSOLUTE
    Image$$__tz_RAM_N$$Base                  0x20020000   Number         0  anon$$obj.o ABSOLUTE



==============================================================================

Memory Map of the image

  Image Entry point : 0x00000e09

  Load Region LOAD_REGION_FLASH (Base: 0x00000000, Size: 0x00002018, Max: 0x00080000, ABSOLUTE)

    Execution Region __tz_FLASH_S (Exec base: 0x00000000, Load base: 0x00000000, Size: 0x00000000, Max: 0x00000000, ABSOLUTE)

    Exec Addr    Load Addr    Size         Type   Attr      Idx    E Section Name        Object

    0x00000000        -       0x00000000   Zero   RW            1    __tz_FLASH_S.bss    anon$$obj.o


    Execution Region VECTORS (Exec base: 0x00000000, Load base: 0x00000000, Size: 0x000001c0, Max: 0xffffffff, ABSOLUTE, FIXED)

    Exec Addr    Load Addr    Size         Type   Attr      Idx    E Section Name        Object

    0x00000000   0x00000000   0x00000040   Data   RO          107    .fixed_vectors      startup.o
    0x00000040   0x00000040   0x00000180   Data   RO          437    .application_vectors  vector_data.o


    Execution Region MCUBOOT_SCE9_KEY (Exec base: 0x000001c0, Load base: 0x000001c0, Size: 0x00000000, Max: 0xffffffff, ABSOLUTE, FIXED)

    **** No section assigned to this execution region ****


    Execution Region INIT_ARRAY (Exec base: 0x000001c0, Load base: 0x000001c0, Size: 0x00000000, Max: 0xffffffff, ABSOLUTE, FIXED)

    **** No section assigned to this execution region ****


    Execution Region USB_DESC_FS (Exec base: 0x000001c0, Load base: 0x000001c0, Size: 0x00000000, Max: 0xffffffff, ABSOLUTE, FIXED)

    **** No section assigned to this execution region ****


    Execution Region RO_CODE_DATA (Exec base: 0x000001c0, Load base: 0x000001c0, Size: 0x00001e3c, Max: 0xffffffff, ABSOLUTE, FIXED)

    Exec Addr    Load Addr    Size         Type   Attr      Idx    E Section Name        Object

    0x000001c0   0x000001c0   0x00000024   Code   RO          447    .text               mc_w.l(memcpya.o)
    0x000001e4   0x000001e4   0x00000024   Code   RO          449    .text               mc_w.l(memseta.o)
    0x00000208   0x00000208   0x0000002c   Code   RO          724    .text               mc_w.l(uidiv.o)
    0x00000234   0x00000234   0x00000004   Code   RO          104    .text.Default_Handler  startup.o
    0x00000238   0x00000238   0x00000044   Code   RO          190    .text.NMI_Handler   bsp_group_irq.o
    0x0000027c   0x0000027c   0x0000007a   Code   RO          148    .text.R_BSP_Init_RTC  bsp_clocks.o
    0x000002f6   0x000002f6   0x0000004e   Code   RO          222    .text.R_BSP_RegisterProtectDisable  bsp_register_protection.o
    0x00000344   0x00000344   0x00000052   Code   RO          220    .text.R_BSP_RegisterProtectEnable  bsp_register_protection.o
    0x00000396   0x00000396   0x00000048   Code   RO          176    .text.R_BSP_SoftwareDelay  bsp_delay.o
    0x000003de   0x000003de   0x00000002   Code   RO          142    .text.R_BSP_SubClockStabilizeWaitAfterReset  bsp_clocks.o
    0x000003e0   0x000003e0   0x0000001a   Code   RO           42    .text.R_BSP_WarmStart  hal_entry.o
    0x000003fa   0x000003fa   0x0000000a   Code   RO          291    .text.R_DMAC_CallbackSet  r_dmac.o
    0x00000404   0x00000404   0x0000005c   Code   RO          287    .text.R_DMAC_Close  r_dmac.o
    0x00000460   0x00000460   0x00000028   Code   RO          279    .text.R_DMAC_Disable  r_dmac.o
    0x00000488   0x00000488   0x0000000a   Code   RO          277    .text.R_DMAC_Enable  r_dmac.o
    0x00000492   0x00000492   0x0000002c   Code   RO          285    .text.R_DMAC_InfoGet  r_dmac.o
    0x000004be   0x000004be   0x00000068   Code   RO          271    .text.R_DMAC_Open   r_dmac.o
    0x00000526   0x00000526   0x00000012   Code   RO          273    .text.R_DMAC_Reconfigure  r_dmac.o
    0x00000538   0x00000538   0x00000004   Code   RO          289    .text.R_DMAC_Reload  r_dmac.o
    0x0000053c   0x0000053c   0x00000064   Code   RO          275    .text.R_DMAC_Reset  r_dmac.o
    0x000005a0   0x000005a0   0x0000000c   Code   RO          281    .text.R_DMAC_SoftwareStart  r_dmac.o
    0x000005ac   0x000005ac   0x0000000a   Code   RO          283    .text.R_DMAC_SoftwareStop  r_dmac.o
    0x000005b6   0x000005b6   0x0000000a   Code   RO          308    .text.R_IOPORT_Close  r_ioport.o
    0x000005c0   0x000005c0   0x00000016   Code   RO          306    .text.R_IOPORT_Open  r_ioport.o
    0x000005d6   0x000005d6   0x000000b2   Code   RO          312    .text.R_IOPORT_PinCfg  r_ioport.o
    0x00000688   0x00000688   0x00000028   Code   RO          314    .text.R_IOPORT_PinEventInputRead  r_ioport.o
    0x000006b0   0x000006b0   0x00000052   Code   RO          316    .text.R_IOPORT_PinEventOutputWrite  r_ioport.o
    0x00000702   0x00000702   0x00000022   Code   RO          318    .text.R_IOPORT_PinRead  r_ioport.o
    0x00000724   0x00000724   0x00000028   Code   RO          320    .text.R_IOPORT_PinWrite  r_ioport.o
    0x0000074c   0x0000074c   0x0000000c   Code   RO          310    .text.R_IOPORT_PinsCfg  r_ioport.o
    0x00000758   0x00000758   0x0000002c   Code   RO          322    .text.R_IOPORT_PortDirectionSet  r_ioport.o
    0x00000784   0x00000784   0x00000018   Code   RO          324    .text.R_IOPORT_PortEventInputRead  r_ioport.o
    0x0000079c   0x0000079c   0x00000020   Code   RO          326    .text.R_IOPORT_PortEventOutputWrite  r_ioport.o
    0x000007bc   0x000007bc   0x00000016   Code   RO          328    .text.R_IOPORT_PortRead  r_ioport.o
    0x000007d2   0x000007d2   0x00000020   Code   RO          330    .text.R_IOPORT_PortWrite  r_ioport.o
    0x000007f2   0x000007f2   0x00000050   Code   RO          355    .text.R_SCI_UART_Abort  r_sci_uart.o
    0x00000842   0x00000842   0x00000068   Code   RO          351    .text.R_SCI_UART_BaudSet  r_sci_uart.o
    0x000008aa   0x000008aa   0x0000000e   Code   RO          357    .text.R_SCI_UART_CallbackSet  r_sci_uart.o
    0x000008b8   0x000008b8   0x000000c8   Code   RO          359    .text.R_SCI_UART_Close  r_sci_uart.o
    0x00000980   0x00000980   0x00000024   Code   RO          353    .text.R_SCI_UART_InfoGet  r_sci_uart.o
    0x000009a4   0x000009a4   0x00000384   Code   RO          345    .text.R_SCI_UART_Open  r_sci_uart.o
    0x00000d28   0x00000d28   0x00000036   Code   RO          347    .text.R_SCI_UART_Read  r_sci_uart.o
    0x00000d5e   0x00000d5e   0x0000003a   Code   RO          361    .text.R_SCI_UART_ReadStop  r_sci_uart.o
    0x00000d98   0x00000d98   0x00000070   Code   RO          349    .text.R_SCI_UART_Write  r_sci_uart.o
    0x00000e08   0x00000e08   0x0000000a   Code   RO          102  * .text.Reset_Handler  startup.o
    0x00000e12   0x00000e12   0x0000002c   Code   RO          132    .text.SystemCoreClockUpdate  bsp_clocks.o
    0x00000e3e   0x00000e3e   0x00000002   PAD
    0x00000e40   0x00000e40   0x000000f0   Code   RO          115    .text.SystemInit    system.o
    0x00000f30   0x00000f30   0x00000006   Code   RO          163    .text.__aeabi_assert  bsp_common.o
    0x00000f36   0x00000f36   0x00000002   PAD
    0x00000f38   0x00000f38   0x0000012a   Code   RO          138    .text.bsp_clock_init  bsp_clocks.o
    0x00001062   0x00001062   0x00000002   Code   RO          159    .text.bsp_init_internal  bsp_common.o
    0x00001064   0x00001064   0x00000096   Code   RO          208    .text.bsp_irq_cfg   bsp_irq.o
    0x000010fa   0x000010fa   0x00000008   Code   RO          178    .text.bsp_prv_software_delay_loop  bsp_delay.o
    0x00001102   0x00001102   0x00000002   PAD
    0x00001104   0x00001104   0x000000d8   Code   RO          334    .text.bsp_vbatt_init  r_ioport.o
    0x000011dc   0x000011dc   0x000000a0   Code   RO           58    .text.channel_print  drv_ibus.o
    0x0000127c   0x0000127c   0x00000048   Code   RO          295    .text.dmac_int_isr  r_dmac.o
    0x000012c4   0x000012c4   0x0000007e   Code   RO           56    .text.dmac_sci2_rx_callback  drv_ibus.o
    0x00001342   0x00001342   0x00000002   PAD
    0x00001344   0x00001344   0x00000030   Code   RO           78    .text.fputc         bsp_uart_debug.o
    0x00001374   0x00001374   0x00000020   Code   RO           40    .text.hal_entry     hal_entry.o
    0x00001394   0x00001394   0x000000a4   Code   RO           54    .text.ibus_init     drv_ibus.o
    0x00001438   0x00001438   0x000000a6   Code   RO           52    .text.ibus_unpack   drv_ibus.o
    0x000014de   0x000014de   0x00000050   Code   RO           93    .text.led_twinkling  bsp_led.o
    0x0000152e   0x0000152e   0x0000000a   Code   RO          421    .text.main          main.o
    0x00001538   0x00001538   0x0000018c   Code   RO          293    .text.r_dmac_config_transfer_info  r_dmac.o
    0x000016c4   0x000016c4   0x000000c4   Code   RO          332    .text.r_ioport_pins_config  r_ioport.o
    0x00001788   0x00001788   0x00000040   Code   RO          367    .text.r_sci_uart_call_callback  r_sci_uart.o
    0x000017c8   0x000017c8   0x00000038   Code   RO          375    .text.r_sci_uart_transfer_configure  r_sci_uart.o
    0x00001800   0x00001800   0x0000006a   Code   RO          373    .text.sci_uart_eri_isr  r_sci_uart.o
    0x0000186a   0x0000186a   0x000000a6   Code   RO          369    .text.sci_uart_rxi_isr  r_sci_uart.o
    0x00001910   0x00001910   0x0000004a   Code   RO          371    .text.sci_uart_tei_isr  r_sci_uart.o
    0x0000195a   0x0000195a   0x0000008a   Code   RO          365    .text.sci_uart_txi_isr  r_sci_uart.o
    0x000019e4   0x000019e4   0x00000016   Code   RO           74    .text.uart0_debug_callback  bsp_uart_debug.o
    0x000019fa   0x000019fa   0x00000002   PAD
    0x000019fc   0x000019fc   0x0000004c   Code   RO           76    .text.uart_debug_init  bsp_uart_debug.o
    0x00001a48   0x00001a48   0x00000020   Code   RO          498    i.__0printf$1       mc_w.l(printf1.o)
    0x00001a68   0x00001a68   0x00000154   Code   RO          505    i._printf_core      mc_w.l(printf1.o)
    0x00001bbc   0x00001bbc   0x00000008   Data   RO          225    .rodata.cst8        bsp_register_protection.o
    0x00001bc4   0x00001bc4   0x0000000c   Data   RO          431    .rodata.g_bsp_pin_cfg  pin_data.o
    0x00001bd0   0x00001bd0   0x00000058   Data   RO          430    .rodata.g_bsp_pin_cfg_data  pin_data.o
    0x00001c28   0x00001c28   0x00000180   Data   RO          438    .rodata.g_interrupt_event_link_select  vector_data.o
    0x00001da8   0x00001da8   0x0000000c   Data   RO          391    .rodata.g_ioport    common_data.o
    0x00001db4   0x00001db4   0x00000034   Data   RO          336    .rodata.g_ioport_on_ioport  r_ioport.o
    0x00001de8   0x00001de8   0x0000000c   Data   RO          404    .rodata.g_transfer_dmac_sci2_rx  hal_data.o
    0x00001df4   0x00001df4   0x00000008   Data   RO          402    .rodata.g_transfer_dmac_sci2_rx_cfg  hal_data.o
    0x00001dfc   0x00001dfc   0x00000024   Data   RO          401    .rodata.g_transfer_dmac_sci2_rx_extend  hal_data.o
    0x00001e20   0x00001e20   0x0000002c   Data   RO          297    .rodata.g_transfer_on_dmac  r_dmac.o
    0x00001e4c   0x00001e4c   0x0000000c   Data   RO          414    .rodata.g_uart0_debug  hal_data.o
    0x00001e58   0x00001e58   0x00000044   Data   RO          412    .rodata.g_uart0_debug_cfg  hal_data.o
    0x00001e9c   0x00001e9c   0x0000002c   Data   RO          411    .rodata.g_uart0_debug_cfg_extend  hal_data.o
    0x00001ec8   0x00001ec8   0x0000000c   Data   RO          409    .rodata.g_uart2_ibus  hal_data.o
    0x00001ed4   0x00001ed4   0x00000044   Data   RO          407    .rodata.g_uart2_ibus_cfg  hal_data.o
    0x00001f18   0x00001f18   0x0000002c   Data   RO          406    .rodata.g_uart2_ibus_cfg_extend  hal_data.o
    0x00001f44   0x00001f44   0x00000024   Data   RO          377    .rodata.g_uart_on_sci  r_sci_uart.o
    0x00001f68   0x00001f68   0x00000004   Data   RO          259    .rodata.gp_start_of_nonsecure_callable_flash  bsp_security.o
    0x00001f6c   0x00001f6c   0x00000004   Data   RO          262    .rodata.gp_start_of_nonsecure_callable_ram  bsp_security.o
    0x00001f70   0x00001f70   0x00000004   Data   RO          264    .rodata.gp_start_of_nonsecure_data_flash  bsp_security.o
    0x00001f74   0x00001f74   0x00000004   Data   RO          258    .rodata.gp_start_of_nonsecure_flash  bsp_security.o
    0x00001f78   0x00001f78   0x00000004   Data   RO          261    .rodata.gp_start_of_nonsecure_ram  bsp_security.o
    0x00001f7c   0x00001f7c   0x00000004   Data   RO          265    .rodata.gp_start_of_secure_data_flash  bsp_security.o
    0x00001f80   0x00001f80   0x00000004   Data   RO          260    .rodata.gp_start_of_secure_flash  bsp_security.o
    0x00001f84   0x00001f84   0x00000004   Data   RO          263    .rodata.gp_start_of_secure_ram  bsp_security.o
    0x00001f88   0x00001f88   0x00000022   Data   RO           64    .rodata.str1.1      drv_ibus.o
    0x00001faa   0x00001faa   0x00000002   PAD
    0x00001fac   0x00001fac   0x00000004   Data   RO          165    .version            bsp_common.o
    0x00001fb0   0x00001fb0   0x00000006   Data   RO          166    .version            bsp_common.o
    0x00001fb6   0x00001fb6   0x00000044   Data   RO          167    .version            bsp_common.o


    Execution Region __tz_RAM_S (Exec base: 0x20000000, Load base: 0x00001ffc, Size: 0x00000000, Max: 0x00000000, ABSOLUTE)

    Exec Addr    Load Addr    Size         Type   Attr      Idx    E Section Name        Object

    0x20000000        -       0x00000000   Zero   RW            2    __tz_RAM_S.bss      anon$$obj.o


    Execution Region DTC_VECTOR_TABLE (Exec base: 0x20000000, Load base: 0x00001ffc, Size: 0x00000000, Max: 0x00020000, ABSOLUTE, UNINIT)

    **** No section assigned to this execution region ****


    Execution Region DATA (Exec base: 0x20000000, Load base: 0x00001ffc, Size: 0x0000001c, Max: 0xffffffff, ABSOLUTE)

    Exec Addr    Load Addr    Size         Type   Attr      Idx    E Section Name        Object

    0x20000000   0x00001ffc   0x00000004   Data   RW          714    .data               mc_w.l(stdout.o)
    0x20000004   0x00002000   0x00000010   Data   RW          400    .data.g_transfer_dmac_sci2_rx_info  hal_data.o
    0x20000014   0x00002010   0x00000004   Data   RW          410    .data.g_uart0_debug_baud_setting  hal_data.o
    0x20000018   0x00002014   0x00000004   Data   RW          405    .data.g_uart2_ibus_baud_setting  hal_data.o


    Execution Region BSS (Exec base: 0x2000001c, Load base: 0x00002018, Size: 0x00000304, Max: 0xffffffff, ABSOLUTE)

    Exec Addr    Load Addr    Size         Type   Attr      Idx    E Section Name        Object

    0x2000001c        -       0x00000004   Zero   RW          119    .bss.SystemCoreClock  system.o
    0x20000020        -       0x0000000c   Zero   RW           60    .bss.channel        drv_ibus.o
    0x2000002c        -       0x00000038   Zero   RW          192    .bss.g_bsp_group_irq_sources  bsp_group_irq.o
    0x20000064        -       0x00000008   Zero   RW          390    .bss.g_ioport_ctrl  common_data.o
    0x2000006c        -       0x00000008   Zero   RW          224    .bss.g_protect_counters  bsp_register_protection.o
    0x20000074        -       0x00000004   Zero   RW          202    .bss.g_protect_pfswe_counter  bsp_io.o
    0x20000078        -       0x00000018   Zero   RW          403    .bss.g_transfer_dmac_sci2_rx_ctrl  hal_data.o
    0x20000090        -       0x00000030   Zero   RW          413    .bss.g_uart0_debug_ctrl  hal_data.o
    0x200000c0        -       0x00000030   Zero   RW          408    .bss.g_uart2_ibus_ctrl  hal_data.o
    0x200000f0        -       0x00000180   Zero   RW          211    .bss.gp_renesas_isr_context  bsp_irq.o
    0x20000270        -       0x0000000c   Zero   RW           62    .bss.rc_data        drv_ibus.o
    0x2000027c        -       0x00000020   Zero   RW           61    .bss.rx_buffer      drv_ibus.o
    0x2000029c        -       0x00000040   Zero   RW           63    .bss.rx_buffer_from_dma  drv_ibus.o
    0x200002dc        -       0x00000040   Zero   RW           65    .bss.rx_buffer_initial_find  drv_ibus.o
    0x2000031c        -       0x00000001   Zero   RW           80    .bss.uart_send_complete_flag  bsp_uart_debug.o


    Execution Region NOINIT (Exec base: 0x20000320, Load base: 0x00002018, Size: 0x0000001c, Max: 0xffffffff, ABSOLUTE, UNINIT)

    Exec Addr    Load Addr    Size         Type   Attr      Idx    E Section Name        Object

    0x20000320        -       0x0000001c   Zero   RW          150    .bss.noinit         bsp_clocks.o


    Execution Region ARM_LIB_HEAP (Exec base: 0x20000340, Load base: 0x00002018, Size: 0x00000000, Max: 0xffffffff, ABSOLUTE, UNINIT)

    **** No section assigned to this execution region ****


    Execution Region ARM_LIB_STACK (Exec base: 0x20000340, Load base: 0x00002018, Size: 0x00000000, Max: 0x00000000, ABSOLUTE, UNINIT)

    Exec Addr    Load Addr    Size         Type   Attr      Idx    E Section Name        Object

    0x20000340        -       0x00000000   Zero   RW            3    ARM_LIB_STACK.bss   anon$$obj.o


    Execution Region STACK (Exec base: 0x20000340, Load base: 0x00002018, Size: 0x00000400, Max: 0xffffffff, ABSOLUTE, UNINIT)

    Exec Addr    Load Addr    Size         Type   Attr      Idx    E Section Name        Object

    0x20000340        -       0x00000400   Zero   RW          106    .bss.stack          startup.o


    Execution Region RAM_END (Exec base: 0x20000740, Load base: 0x00002018, Size: 0x00000004, Max: 0x00000004, ABSOLUTE)

    Exec Addr    Load Addr    Size         Type   Attr      Idx    E Section Name        Object

    0x20000740        -       0x00000004   Zero   RW            4    RAM_END.bss         anon$$obj.o


    Execution Region __tz_RAM_C (Exec base: 0x20020000, Load base: 0x00002018, Size: 0x00000000, Max: 0x00000000, ABSOLUTE)

    Exec Addr    Load Addr    Size         Type   Attr      Idx    E Section Name        Object

    0x20020000        -       0x00000000   Zero   RW            5    __tz_RAM_C.bss      anon$$obj.o


    Execution Region __tz_RAM_N (Exec base: 0x20020000, Load base: 0x00002018, Size: 0x00000000, Max: 0x00000000, ABSOLUTE)

    Exec Addr    Load Addr    Size         Type   Attr      Idx    E Section Name        Object

    0x20020000        -       0x00000000   Zero   RW            6    __tz_RAM_N.bss      anon$$obj.o


    Execution Region RAM_LIMIT (Exec base: 0x20020000, Load base: 0x00002018, Size: 0x00000004, Max: 0x00000004, ABSOLUTE)

    Exec Addr    Load Addr    Size         Type   Attr      Idx    E Section Name        Object

    0x20020000        -       0x00000004   Zero   RW            7    RAM_LIMIT.bss       anon$$obj.o


    Execution Region OSPI_DEVICE_0_NO_LOAD (Exec base: 0x80020000, Load base: 0x00002018, Size: 0x00000000, Max: 0xffffffff, ABSOLUTE, UNINIT)

    **** No section assigned to this execution region ****


    Execution Region OSPI_DEVICE_1_NO_LOAD (Exec base: 0x80030000, Load base: 0x00002018, Size: 0x00000000, Max: 0xffffffff, ABSOLUTE, UNINIT)

    **** No section assigned to this execution region ****



  Load Region LOAD_REGION_NSC_FLASH (Base: 0x00002800, Size: 0x00000000, Max: 0xffffffff, ABSOLUTE)

    Execution Region __tz_FLASH_C (Exec base: 0x00002800, Load base: 0x00002800, Size: 0x00000000, Max: 0x00000000, ABSOLUTE)

    Exec Addr    Load Addr    Size         Type   Attr      Idx    E Section Name        Object

    0x00002800        -       0x00000000   Zero   RW            8    __tz_FLASH_C.bss    anon$$obj.o


    Execution Region EXEC_NSCR (Exec base: 0x00002800, Load base: 0x00002800, Size: 0x00000000, Max: 0xffffffff, ABSOLUTE, FIXED)

    **** No section assigned to this execution region ****


    Execution Region __tz_FLASH_N (Exec base: 0x00008000, Load base: 0x00002800, Size: 0x00000000, Max: 0x00000000, ABSOLUTE)

    Exec Addr    Load Addr    Size         Type   Attr      Idx    E Section Name        Object

    0x00008000        -       0x00000000   Zero   RW            9    __tz_FLASH_N.bss    anon$$obj.o



  Load Region LOAD_REGION_ID_CODE (Base: 0x00000000, Size: 0x00000000, Max: 0x00000004, ABSOLUTE)

    Execution Region __tz_ID_CODE_S (Exec base: 0x00000000, Load base: 0x00000000, Size: 0x00000000, Max: 0x00000000, ABSOLUTE)

    Exec Addr    Load Addr    Size         Type   Attr      Idx    E Section Name        Object

    0x00000000        -       0x00000000   Zero   RW           10    __tz_ID_CODE_S.bss  anon$$obj.o


    Execution Region __tz_ID_CODE_N (Exec base: 0x00000000, Load base: 0x00000000, Size: 0x00000000, Max: 0x00000000, ABSOLUTE)

    Exec Addr    Load Addr    Size         Type   Attr      Idx    E Section Name        Object

    0x00000000        -       0x00000000   Zero   RW           11    __tz_ID_CODE_N.bss  anon$$obj.o



  Load Region LOAD_REGION_OPTION_SETTING (Base: 0x0100a100, Size: 0x00000080, Max: 0x00000100, ABSOLUTE)

    Execution Region __tz_OPTION_SETTING_S (Exec base: 0x0100a100, Load base: 0x0100a100, Size: 0x00000000, Max: 0x00000000, ABSOLUTE)

    Exec Addr    Load Addr    Size         Type   Attr      Idx    E Section Name        Object

    0x0100a100        -       0x00000000   Zero   RW           12    __tz_OPTION_SETTING_S.bss  anon$$obj.o


    Execution Region OFS0 (Exec base: 0x0100a100, Load base: 0x0100a100, Size: 0x00000004, Max: 0xffffffff, ABSOLUTE, FIXED)

    Exec Addr    Load Addr    Size         Type   Attr      Idx    E Section Name        Object

    0x0100a100   0x0100a100   0x00000004   Data   RO          234    .option_setting_ofs0  bsp_rom_registers.o


    Execution Region UNUSED_0 (Exec base: 0x0100a104, Load base: 0x0100a104, Size: 0x00000000, Max: 0x00000000, ABSOLUTE, FIXED)

    Exec Addr    Load Addr    Size         Type   Attr      Idx    E Section Name        Object

    0x0100a104        -       0x00000000   Zero   RW           13    UNUSED_0.bss        anon$$obj.o


    Execution Region OFS2 (Exec base: 0x0100a104, Load base: 0x0100a104, Size: 0x00000000, Max: 0xffffffff, ABSOLUTE, FIXED)

    **** No section assigned to this execution region ****


    Execution Region UNUSED_1 (Exec base: 0x0100a104, Load base: 0x0100a104, Size: 0x0000000c, Max: 0x0000000c, ABSOLUTE, FIXED)

    Exec Addr    Load Addr    Size         Type   Attr      Idx    E Section Name        Object

    0x0100a104        -       0x0000000c   Zero   RW           14    UNUSED_1.bss        anon$$obj.o


    Execution Region DUALSEL (Exec base: 0x0100a110, Load base: 0x0100a110, Size: 0x00000000, Max: 0xffffffff, ABSOLUTE, FIXED)

    **** No section assigned to this execution region ****


    Execution Region UNUSED_2 (Exec base: 0x0100a110, Load base: 0x0100a110, Size: 0x00000024, Max: 0x00000024, ABSOLUTE, FIXED)

    Exec Addr    Load Addr    Size         Type   Attr      Idx    E Section Name        Object

    0x0100a110        -       0x00000024   Zero   RW           15    UNUSED_2.bss        anon$$obj.o


    Execution Region SAS (Exec base: 0x0100a134, Load base: 0x0100a134, Size: 0x00000004, Max: 0xffffffff, ABSOLUTE, FIXED)

    Exec Addr    Load Addr    Size         Type   Attr      Idx    E Section Name        Object

    0x0100a134   0x0100a134   0x00000004   Data   RO          235    .option_setting_sas  bsp_rom_registers.o


    Execution Region UNUSED_3 (Exec base: 0x0100a138, Load base: 0x0100a138, Size: 0x00000048, Max: 0x00000048, ABSOLUTE, FIXED)

    Exec Addr    Load Addr    Size         Type   Attr      Idx    E Section Name        Object

    0x0100a138        -       0x00000048   Zero   RW           16    UNUSED_3.bss        anon$$obj.o


    Execution Region __tz_OPTION_SETTING_N (Exec base: 0x0100a180, Load base: 0x0100a180, Size: 0x00000000, Max: 0x00000000, ABSOLUTE)

    Exec Addr    Load Addr    Size         Type   Attr      Idx    E Section Name        Object

    0x0100a180        -       0x00000000   Zero   RW           17    __tz_OPTION_SETTING_N.bss  anon$$obj.o



  Load Region LOAD_REGION_OPTION_SETTING_S (Base: 0x0100a200, Size: 0x00000100, Max: 0x00000100, ABSOLUTE)

    Execution Region __tz_OPTION_SETTING_S_S (Exec base: 0x0100a200, Load base: 0x0100a200, Size: 0x00000000, Max: 0x00000000, ABSOLUTE)

    Exec Addr    Load Addr    Size         Type   Attr      Idx    E Section Name        Object

    0x0100a200        -       0x00000000   Zero   RW           18    __tz_OPTION_SETTING_S_S.bss  anon$$obj.o


    Execution Region OFS1_SEC (Exec base: 0x0100a200, Load base: 0x0100a200, Size: 0x00000004, Max: 0xffffffff, ABSOLUTE, FIXED)

    Exec Addr    Load Addr    Size         Type   Attr      Idx    E Section Name        Object

    0x0100a200   0x0100a200   0x00000004   Data   RO          236    .option_setting_ofs1_sec  bsp_rom_registers.o


    Execution Region UNUSED_7 (Exec base: 0x0100a204, Load base: 0x0100a204, Size: 0x00000000, Max: 0x00000000, ABSOLUTE, FIXED)

    Exec Addr    Load Addr    Size         Type   Attr      Idx    E Section Name        Object

    0x0100a204        -       0x00000000   Zero   RW           19    UNUSED_7.bss        anon$$obj.o


    Execution Region OFS3_SEC (Exec base: 0x0100a204, Load base: 0x0100a204, Size: 0x00000000, Max: 0xffffffff, ABSOLUTE, FIXED)

    **** No section assigned to this execution region ****


    Execution Region UNUSED_8 (Exec base: 0x0100a204, Load base: 0x0100a204, Size: 0x0000000c, Max: 0x0000000c, ABSOLUTE, FIXED)

    Exec Addr    Load Addr    Size         Type   Attr      Idx    E Section Name        Object

    0x0100a204        -       0x0000000c   Zero   RW           20    UNUSED_8.bss        anon$$obj.o


    Execution Region BANKSEL_SEC (Exec base: 0x0100a210, Load base: 0x0100a210, Size: 0x00000004, Max: 0xffffffff, ABSOLUTE, FIXED)

    Exec Addr    Load Addr    Size         Type   Attr      Idx    E Section Name        Object

    0x0100a210   0x0100a210   0x00000004   Data   RO          237    .option_setting_banksel_sec  bsp_rom_registers.o


    Execution Region UNUSED_9 (Exec base: 0x0100a214, Load base: 0x0100a214, Size: 0x0000002c, Max: 0x0000002c, ABSOLUTE, FIXED)

    Exec Addr    Load Addr    Size         Type   Attr      Idx    E Section Name        Object

    0x0100a214        -       0x0000002c   Zero   RW           21    UNUSED_9.bss        anon$$obj.o


    Execution Region BPS_SEC (Exec base: 0x0100a240, Load base: 0x0100a240, Size: 0x00000010, Max: 0xffffffff, ABSOLUTE, FIXED)

    Exec Addr    Load Addr    Size         Type   Attr      Idx    E Section Name        Object

    0x0100a240   0x0100a240   0x00000004   Data   RO          238    .option_setting_bps_sec0  bsp_rom_registers.o
    0x0100a244   0x0100a244   0x00000004   Data   RO          239    .option_setting_bps_sec1  bsp_rom_registers.o
    0x0100a248   0x0100a248   0x00000004   Data   RO          240    .option_setting_bps_sec2  bsp_rom_registers.o
    0x0100a24c   0x0100a24c   0x00000004   Data   RO          241    .option_setting_bps_sec3  bsp_rom_registers.o


    Execution Region UNUSED_10 (Exec base: 0x0100a250, Load base: 0x0100a250, Size: 0x00000010, Max: 0x00000010, ABSOLUTE, FIXED)

    Exec Addr    Load Addr    Size         Type   Attr      Idx    E Section Name        Object

    0x0100a250        -       0x00000010   Zero   RW           22    UNUSED_10.bss       anon$$obj.o


    Execution Region PBPS_SEC (Exec base: 0x0100a260, Load base: 0x0100a260, Size: 0x00000010, Max: 0xffffffff, ABSOLUTE, FIXED)

    Exec Addr    Load Addr    Size         Type   Attr      Idx    E Section Name        Object

    0x0100a260   0x0100a260   0x00000004   Data   RO          242    .option_setting_pbps_sec0  bsp_rom_registers.o
    0x0100a264   0x0100a264   0x00000004   Data   RO          243    .option_setting_pbps_sec1  bsp_rom_registers.o
    0x0100a268   0x0100a268   0x00000004   Data   RO          244    .option_setting_pbps_sec2  bsp_rom_registers.o
    0x0100a26c   0x0100a26c   0x00000004   Data   RO          245    .option_setting_pbps_sec3  bsp_rom_registers.o


    Execution Region UNUSED_11 (Exec base: 0x0100a270, Load base: 0x0100a270, Size: 0x00000010, Max: 0x00000010, ABSOLUTE, FIXED)

    Exec Addr    Load Addr    Size         Type   Attr      Idx    E Section Name        Object

    0x0100a270        -       0x00000010   Zero   RW           23    UNUSED_11.bss       anon$$obj.o


    Execution Region OFS1_SEL (Exec base: 0x0100a280, Load base: 0x0100a280, Size: 0x00000004, Max: 0xffffffff, ABSOLUTE, FIXED)

    Exec Addr    Load Addr    Size         Type   Attr      Idx    E Section Name        Object

    0x0100a280   0x0100a280   0x00000004   Data   RO          246    .option_setting_ofs1_sel  bsp_rom_registers.o


    Execution Region UNUSED_12 (Exec base: 0x0100a284, Load base: 0x0100a284, Size: 0x00000000, Max: 0x00000000, ABSOLUTE, FIXED)

    Exec Addr    Load Addr    Size         Type   Attr      Idx    E Section Name        Object

    0x0100a284        -       0x00000000   Zero   RW           24    UNUSED_12.bss       anon$$obj.o


    Execution Region OFS3_SEL (Exec base: 0x0100a284, Load base: 0x0100a284, Size: 0x00000000, Max: 0xffffffff, ABSOLUTE, FIXED)

    **** No section assigned to this execution region ****


    Execution Region UNUSED_13 (Exec base: 0x0100a284, Load base: 0x0100a284, Size: 0x0000000c, Max: 0x0000000c, ABSOLUTE, FIXED)

    Exec Addr    Load Addr    Size         Type   Attr      Idx    E Section Name        Object

    0x0100a284        -       0x0000000c   Zero   RW           25    UNUSED_13.bss       anon$$obj.o


    Execution Region BANKSEL_SEL (Exec base: 0x0100a290, Load base: 0x0100a290, Size: 0x00000000, Max: 0xffffffff, ABSOLUTE, FIXED)

    **** No section assigned to this execution region ****


    Execution Region UNUSED_14 (Exec base: 0x0100a290, Load base: 0x0100a290, Size: 0x00000030, Max: 0x00000030, ABSOLUTE, FIXED)

    Exec Addr    Load Addr    Size         Type   Attr      Idx    E Section Name        Object

    0x0100a290        -       0x00000030   Zero   RW           26    UNUSED_14.bss       anon$$obj.o


    Execution Region BPS_SEL (Exec base: 0x0100a2c0, Load base: 0x0100a2c0, Size: 0x00000010, Max: 0xffffffff, ABSOLUTE, FIXED)

    Exec Addr    Load Addr    Size         Type   Attr      Idx    E Section Name        Object

    0x0100a2c0   0x0100a2c0   0x00000004   Data   RO          247    .option_setting_bps_sel0  bsp_rom_registers.o
    0x0100a2c4   0x0100a2c4   0x00000004   Data   RO          248    .option_setting_bps_sel1  bsp_rom_registers.o
    0x0100a2c8   0x0100a2c8   0x00000004   Data   RO          249    .option_setting_bps_sel2  bsp_rom_registers.o
    0x0100a2cc   0x0100a2cc   0x00000004   Data   RO          250    .option_setting_bps_sel3  bsp_rom_registers.o


    Execution Region UNUSED_15 (Exec base: 0x0100a2d0, Load base: 0x0100a2d0, Size: 0x00000030, Max: 0x00000030, ABSOLUTE, FIXED)

    Exec Addr    Load Addr    Size         Type   Attr      Idx    E Section Name        Object

    0x0100a2d0        -       0x00000030   Zero   RW           27    UNUSED_15.bss       anon$$obj.o


    Execution Region __tz_OPTION_SETTING_S_N (Exec base: 0x0100a300, Load base: 0x0100a300, Size: 0x00000000, Max: 0x00000000, ABSOLUTE)

    Exec Addr    Load Addr    Size         Type   Attr      Idx    E Section Name        Object

    0x0100a300        -       0x00000000   Zero   RW           28    __tz_OPTION_SETTING_S_N.bss  anon$$obj.o



  Load Region LOAD_REGION_DATA_FLASH (Base: 0x08000000, Size: 0x00000000, Max: 0x00002000, ABSOLUTE)

    Execution Region __tz_DATA_FLASH_S (Exec base: 0x08000000, Load base: 0x08000000, Size: 0x00000000, Max: 0x00000000, ABSOLUTE)

    Exec Addr    Load Addr    Size         Type   Attr      Idx    E Section Name        Object

    0x08000000        -       0x00000000   Zero   RW           29    __tz_DATA_FLASH_S.bss  anon$$obj.o


    Execution Region DATA_FLASH (Exec base: 0x08000000, Load base: 0x08000000, Size: 0x00000000, Max: 0xffffffff, ABSOLUTE)

    **** No section assigned to this execution region ****


    Execution Region __tz_DATA_FLASH_N (Exec base: 0x08000000, Load base: 0x08000000, Size: 0x00000000, Max: 0x00000000, ABSOLUTE)

    Exec Addr    Load Addr    Size         Type   Attr      Idx    E Section Name        Object

    0x08000000        -       0x00000000   Zero   RW           30    __tz_DATA_FLASH_N.bss  anon$$obj.o



  Load Region LOAD_REGION_QSPI_FLASH (Base: 0x60000000, Size: 0x00000000, Max: 0x04000000, ABSOLUTE)

    Execution Region __tz_QSPI_FLASH_S (Exec base: 0x60000000, Load base: 0x60000000, Size: 0x00000000, Max: 0x00000000, ABSOLUTE)

    Exec Addr    Load Addr    Size         Type   Attr      Idx    E Section Name        Object

    0x60000000        -       0x00000000   Zero   RW           31    __tz_QSPI_FLASH_S.bss  anon$$obj.o


    Execution Region QSPI_FLASH (Exec base: 0x60000000, Load base: 0x60000000, Size: 0x00000000, Max: 0xffffffff, ABSOLUTE, FIXED)

    **** No section assigned to this execution region ****


    Execution Region __tz_QSPI_FLASH_N (Exec base: 0x60000000, Load base: 0x60000000, Size: 0x00000000, Max: 0x00000000, ABSOLUTE)

    Exec Addr    Load Addr    Size         Type   Attr      Idx    E Section Name        Object

    0x60000000        -       0x00000000   Zero   RW           32    __tz_QSPI_FLASH_N.bss  anon$$obj.o



  Load Region LOAD_REGION_OSPI_DEVICE_0 (Base: 0x80020000, Size: 0x00000000, Max: 0x00000000, ABSOLUTE)

    Execution Region __tz_OSPI_DEVICE_0_S (Exec base: 0x80020000, Load base: 0x80020000, Size: 0x00000000, Max: 0x00000000, ABSOLUTE)

    Exec Addr    Load Addr    Size         Type   Attr      Idx    E Section Name        Object

    0x80020000        -       0x00000000   Zero   RW           33    __tz_OSPI_DEVICE_0_S.bss  anon$$obj.o


    Execution Region OSPI_DEVICE_0 (Exec base: 0x80020000, Load base: 0x80020000, Size: 0x00000000, Max: 0xffffffff, ABSOLUTE, FIXED)

    **** No section assigned to this execution region ****


    Execution Region __tz_OSPI_DEVICE_0_N (Exec base: 0x80020000, Load base: 0x80020000, Size: 0x00000000, Max: 0x00000000, ABSOLUTE)

    Exec Addr    Load Addr    Size         Type   Attr      Idx    E Section Name        Object

    0x80020000        -       0x00000000   Zero   RW           34    __tz_OSPI_DEVICE_0_N.bss  anon$$obj.o



  Load Region LOAD_REGION_OSPI_DEVICE_1 (Base: 0x80030000, Size: 0x00000000, Max: 0x00000000, ABSOLUTE)

    Execution Region __tz_OSPI_DEVICE_1_S (Exec base: 0x80030000, Load base: 0x80030000, Size: 0x00000000, Max: 0x00000000, ABSOLUTE)

    Exec Addr    Load Addr    Size         Type   Attr      Idx    E Section Name        Object

    0x80030000        -       0x00000000   Zero   RW           35    __tz_OSPI_DEVICE_1_S.bss  anon$$obj.o


    Execution Region OSPI_DEVICE_1 (Exec base: 0x80030000, Load base: 0x80030000, Size: 0x00000000, Max: 0xffffffff, ABSOLUTE, FIXED)

    **** No section assigned to this execution region ****


    Execution Region __tz_OSPI_DEVICE_1_N (Exec base: 0x80030000, Load base: 0x80030000, Size: 0x00000000, Max: 0x00000000, ABSOLUTE)

    Exec Addr    Load Addr    Size         Type   Attr      Idx    E Section Name        Object

    0x80030000        -       0x00000000   Zero   RW           36    __tz_OSPI_DEVICE_1_N.bss  anon$$obj.o



  Load Region LOAD_REGION_SDRAM (Base: 0x80010000, Size: 0x00000000, Max: 0x00000000, ABSOLUTE)

    Execution Region __tz_SDRAM_S (Exec base: 0x80010000, Load base: 0x80010000, Size: 0x00000000, Max: 0x00000000, ABSOLUTE)

    Exec Addr    Load Addr    Size         Type   Attr      Idx    E Section Name        Object

    0x80010000        -       0x00000000   Zero   RW           37    __tz_SDRAM_S.bss    anon$$obj.o


    Execution Region SDRAM (Exec base: 0x80010000, Load base: 0x80010000, Size: 0x00000000, Max: 0xffffffff, ABSOLUTE, FIXED)

    **** No section assigned to this execution region ****


    Execution Region __tz_SDRAM_N (Exec base: 0x80010000, Load base: 0x80010000, Size: 0x00000000, Max: 0x00000000, ABSOLUTE)

    Exec Addr    Load Addr    Size         Type   Attr      Idx    E Section Name        Object

    0x80010000        -       0x00000000   Zero   RW           38    __tz_SDRAM_N.bss    anon$$obj.o


==============================================================================

Image component sizes


      Code (inc. data)   RO Data    RW Data    ZI Data      Debug   Object Name

       466          0          0          0         28      34209   bsp_clocks.o
         8          0         78          0          0       9814   bsp_common.o
        80          0          0          0          0       1577   bsp_delay.o
        68          0          0          0         56      14099   bsp_group_irq.o
         0          0          0          0          4        469   bsp_io.o
       150          0          0          0        384      16459   bsp_irq.o
        80          0          0          0          0       9768   bsp_led.o
       160          0          8          0          8      22671   bsp_register_protection.o
         0          0         68          0          0       1058   bsp_rom_registers.o
         0          0         32          0          0        830   bsp_security.o
       146         44          0          0          1      11695   bsp_uart_debug.o
         0          0         12          0          8      17609   common_data.o
       616         96         34          0        184      21132   drv_ibus.o
         0          0        304         24        120      42246   hal_data.o
        58          0          0          0          0      16852   hal_entry.o
        10          0          0          0          0        396   main.o
         0          0        100          0          0       8004   pin_data.o
       912          0         44          0          0      38084   r_dmac.o
       984         12         52          0          0      58418   r_ioport.o
      2162          0         36          0          0      76672   r_sci_uart.o
        14          0         64          0       1024        895   startup.o
       240          0          0          0          4       6671   system.o
         0          0        768          0          0       7628   vector_data.o

    ----------------------------------------------------------------------
      6164        152       1604         24       2148     417256   Object Totals
         0          0          0          0        324          0   (incl. Generated)
        10          0          4          0          3          0   (incl. Padding)

    ----------------------------------------------------------------------

      Code (inc. data)   RO Data    RW Data    ZI Data      Debug   Library Member Name

        36          0          0          0          0         68   memcpya.o
        36          0          0          0          0        108   memseta.o
       372         14          0          0          0        184   printf1.o
         0          0          0          4          0          0   stdout.o
        44          0          0          0          0         80   uidiv.o

    ----------------------------------------------------------------------
       488         14          0          4          0        440   Library Totals
         0          0          0          0          0          0   (incl. Padding)

    ----------------------------------------------------------------------

      Code (inc. data)   RO Data    RW Data    ZI Data      Debug   Library Name

       488         14          0          4          0        440   mc_w.l

    ----------------------------------------------------------------------
       488         14          0          4          0        440   Library Totals

    ----------------------------------------------------------------------

==============================================================================


      Code (inc. data)   RO Data    RW Data    ZI Data      Debug   

      6652        166       1604         28       2148     417240   Grand Totals
      6652        166       1604         28       2148     417240   ELF Image Totals
      6652        166       1604         28          0          0   ROM Totals

==============================================================================

    Total RO  Size (Code + RO Data)                 8256 (   8.06kB)
    Total RW  Size (RW Data + ZI Data)              2176 (   2.12kB)
    Total ROM Size (Code + RO Data + RW Data)       8284 (   8.09kB)

==============================================================================

